---
http_interactions:
- request:
    method: get
    uri: https://api.pipedrive.com/v1/deals/1444/products?api_token=<API_KEY>&include_product_data=1
    body:
      encoding: US-ASCII
      string: ''
    headers:
      Connection:
      - close
      Host:
      - api.pipedrive.com
      User-Agent:
      - http.rb/2.0.2
  response:
    status:
      code: 200
      message: OK
    headers:
      Server:
      - nginx
      Date:
      - Tue, 19 Jul 2016 18:24:02 GMT
      Content-Type:
      - application/json
      Transfer-Encoding:
      - chunked
      Connection:
      - close
      X-Frame-Options:
      - SAMEORIGIN
      X-Xss-Protection:
      - 1; mode=block
      X-Ratelimit-Limit:
      - '100'
      X-Ratelimit-Remaining:
      - '99'
      X-Ratelimit-Reset:
      - '10'
      Access-Control-Allow-Origin:
      - "*"
    body:
      encoding: ASCII-8BIT
      string: '{"success":true,"data":null,"additional_data":{"pagination":{"start":0,"limit":100,"more_items_in_collection":false}}}'
    http_version: 
  recorded_at: Tue, 19 Jul 2016 18:24:02 GMT
- request:
    method: get
    uri: https://api.pipedrive.com/v1/deals/1457/products?api_token=<API_KEY>&include_product_data=1
    body:
      encoding: US-ASCII
      string: ''
    headers:
      Connection:
      - close
      Host:
      - api.pipedrive.com
      User-Agent:
      - http.rb/2.0.2
  response:
    status:
      code: 200
      message: OK
    headers:
      Server:
      - nginx
      Date:
      - Tue, 19 Jul 2016 18:31:55 GMT
      Content-Type:
      - application/json
      Transfer-Encoding:
      - chunked
      Connection:
      - close
      X-Frame-Options:
      - SAMEORIGIN
      X-Xss-Protection:
      - 1; mode=block
      X-Ratelimit-Limit:
      - '100'
      X-Ratelimit-Remaining:
      - '99'
      X-Ratelimit-Reset:
      - '10'
      Access-Control-Allow-Origin:
      - "*"
    body:
      encoding: ASCII-8BIT
      string: '{"success":true,"data":null,"additional_data":{"pagination":{"start":0,"limit":100,"more_items_in_collection":false}}}'
    http_version: 
  recorded_at: Tue, 19 Jul 2016 18:31:55 GMT
- request:
    method: get
    uri: https://api.pipedrive.com/v1/deals/1509/products?api_token=<API_KEY>&include_product_data=1
    body:
      encoding: US-ASCII
      string: ''
    headers:
      Connection:
      - close
      Host:
      - api.pipedrive.com
      User-Agent:
      - http.rb/2.0.2
  response:
    status:
      code: 200
      message: OK
    headers:
      Server:
      - nginx
      Date:
      - Wed, 20 Jul 2016 18:33:31 GMT
      Content-Type:
      - application/json
      Transfer-Encoding:
      - chunked
      Connection:
      - close
      X-Frame-Options:
      - SAMEORIGIN
      X-Xss-Protection:
      - 1; mode=block
      X-Ratelimit-Limit:
      - '100'
      X-Ratelimit-Remaining:
      - '99'
      X-Ratelimit-Reset:
      - '10'
      Access-Control-Allow-Origin:
      - "*"
    body:
      encoding: ASCII-8BIT
      string: '{"success":true,"data":null,"additional_data":{"pagination":{"start":0,"limit":100,"more_items_in_collection":false}}}'
    http_version: 
  recorded_at: Wed, 20 Jul 2016 18:33:30 GMT
- request:
    method: get
    uri: https://api.pipedrive.com/v1/deals/1512/products?api_token=<API_KEY>&include_product_data=1
    body:
      encoding: US-ASCII
      string: ''
    headers:
      Connection:
      - close
      Host:
      - api.pipedrive.com
      User-Agent:
      - http.rb/2.0.2
  response:
    status:
      code: 200
      message: OK
    headers:
      Server:
      - nginx
      Date:
      - Wed, 20 Jul 2016 18:41:15 GMT
      Content-Type:
      - application/json
      Transfer-Encoding:
      - chunked
      Connection:
      - close
      X-Frame-Options:
      - SAMEORIGIN
      X-Xss-Protection:
      - 1; mode=block
      X-Ratelimit-Limit:
      - '100'
      X-Ratelimit-Remaining:
      - '99'
      X-Ratelimit-Reset:
      - '10'
      Access-Control-Allow-Origin:
      - "*"
    body:
      encoding: ASCII-8BIT
      string: '{"success":true,"data":null,"additional_data":{"pagination":{"start":0,"limit":100,"more_items_in_collection":false}}}'
    http_version: 
  recorded_at: Wed, 20 Jul 2016 18:41:15 GMT
- request:
    method: get
    uri: https://api.pipedrive.com/v1/deals/1551/products?api_token=<API_KEY>&include_product_data=1
    body:
      encoding: US-ASCII
      string: ''
    headers:
      Connection:
      - close
      Host:
      - api.pipedrive.com
      User-Agent:
      - http.rb/2.0.2
  response:
    status:
      code: 200
      message: OK
    headers:
      Server:
      - nginx
      Date:
      - Thu, 21 Jul 2016 11:59:11 GMT
      Content-Type:
      - application/json
      Transfer-Encoding:
      - chunked
      Connection:
      - close
      X-Frame-Options:
      - SAMEORIGIN
      X-Xss-Protection:
      - 1; mode=block
      X-Ratelimit-Limit:
      - '100'
      X-Ratelimit-Remaining:
      - '98'
      X-Ratelimit-Reset:
      - '9'
      Access-Control-Allow-Origin:
      - "*"
    body:
      encoding: ASCII-8BIT
      string: '{"success":true,"data":null,"additional_data":{"pagination":{"start":0,"limit":100,"more_items_in_collection":false}}}'
    http_version: 
  recorded_at: Thu, 21 Jul 2016 11:59:11 GMT
- request:
    method: get
    uri: https://api.pipedrive.com/v1/deals/1554/products?api_token=<API_KEY>&include_product_data=1
    body:
      encoding: US-ASCII
      string: ''
    headers:
      Connection:
      - close
      Host:
      - api.pipedrive.com
      User-Agent:
      - http.rb/2.0.2
  response:
    status:
      code: 200
      message: OK
    headers:
      Server:
      - nginx
      Date:
      - Thu, 21 Jul 2016 12:13:59 GMT
      Content-Type:
      - application/json
      Transfer-Encoding:
      - chunked
      Connection:
      - close
      X-Frame-Options:
      - SAMEORIGIN
      X-Xss-Protection:
      - 1; mode=block
      X-Ratelimit-Limit:
      - '100'
      X-Ratelimit-Remaining:
      - '98'
      X-Ratelimit-Reset:
      - '7'
      Access-Control-Allow-Origin:
      - "*"
    body:
      encoding: ASCII-8BIT
      string: '{"success":true,"data":null,"additional_data":{"pagination":{"start":0,"limit":100,"more_items_in_collection":false}}}'
    http_version: 
  recorded_at: Thu, 21 Jul 2016 12:13:59 GMT
- request:
    method: get
    uri: https://api.pipedrive.com/v1/deals/1556/products?api_token=<API_KEY>&include_product_data=1
    body:
      encoding: US-ASCII
      string: ''
    headers:
      Connection:
      - close
      Host:
      - api.pipedrive.com
      User-Agent:
      - http.rb/2.0.2
  response:
    status:
      code: 200
      message: OK
    headers:
      Server:
      - nginx
      Date:
      - Thu, 21 Jul 2016 12:27:02 GMT
      Content-Type:
      - application/json
      Transfer-Encoding:
      - chunked
      Connection:
      - close
      X-Frame-Options:
      - SAMEORIGIN
      X-Xss-Protection:
      - 1; mode=block
      X-Ratelimit-Limit:
      - '100'
      X-Ratelimit-Remaining:
      - '99'
      X-Ratelimit-Reset:
      - '10'
      Access-Control-Allow-Origin:
      - "*"
    body:
      encoding: ASCII-8BIT
      string: '{"success":true,"data":null,"additional_data":{"pagination":{"start":0,"limit":100,"more_items_in_collection":false}}}'
    http_version: 
  recorded_at: Thu, 21 Jul 2016 12:27:02 GMT
- request:
    method: get
    uri: https://api.pipedrive.com/v1/deals/1560/products?api_token=<API_KEY>&include_product_data=1
    body:
      encoding: US-ASCII
      string: ''
    headers:
      Connection:
      - close
      Host:
      - api.pipedrive.com
      User-Agent:
      - http.rb/2.0.2
  response:
    status:
      code: 200
      message: OK
    headers:
      Server:
      - nginx
      Date:
      - Thu, 21 Jul 2016 12:27:56 GMT
      Content-Type:
      - application/json
      Transfer-Encoding:
      - chunked
      Connection:
      - close
      X-Frame-Options:
      - SAMEORIGIN
      X-Xss-Protection:
      - 1; mode=block
      X-Ratelimit-Limit:
      - '100'
      X-Ratelimit-Remaining:
      - '99'
      X-Ratelimit-Reset:
      - '10'
      Access-Control-Allow-Origin:
      - "*"
    body:
      encoding: ASCII-8BIT
      string: '{"success":true,"data":null,"additional_data":{"pagination":{"start":0,"limit":100,"more_items_in_collection":false}}}'
    http_version: 
  recorded_at: Thu, 21 Jul 2016 12:27:56 GMT
- request:
    method: get
    uri: https://api.pipedrive.com/v1/deals/1563/products?api_token=<API_KEY>&include_product_data=1
    body:
      encoding: US-ASCII
      string: ''
    headers:
      Connection:
      - close
      Host:
      - api.pipedrive.com
      User-Agent:
      - http.rb/2.0.2
  response:
    status:
      code: 200
      message: OK
    headers:
      Server:
      - nginx
      Date:
      - Thu, 21 Jul 2016 12:29:10 GMT
      Content-Type:
      - application/json
      Transfer-Encoding:
      - chunked
      Connection:
      - close
      X-Frame-Options:
      - SAMEORIGIN
      X-Xss-Protection:
      - 1; mode=block
      X-Ratelimit-Limit:
      - '100'
      X-Ratelimit-Remaining:
      - '99'
      X-Ratelimit-Reset:
      - '10'
      Access-Control-Allow-Origin:
      - "*"
    body:
      encoding: ASCII-8BIT
      string: '{"success":true,"data":null,"additional_data":{"pagination":{"start":0,"limit":100,"more_items_in_collection":false}}}'
    http_version: 
  recorded_at: Thu, 21 Jul 2016 12:29:10 GMT
- request:
    method: get
    uri: https://api.pipedrive.com/v1/deals/1566/products?api_token=<API_KEY>&include_product_data=1
    body:
      encoding: US-ASCII
      string: ''
    headers:
      Connection:
      - close
      Host:
      - api.pipedrive.com
      User-Agent:
      - http.rb/2.0.2
  response:
    status:
      code: 200
      message: OK
    headers:
      Server:
      - nginx
      Date:
      - Thu, 21 Jul 2016 12:30:18 GMT
      Content-Type:
      - application/json
      Transfer-Encoding:
      - chunked
      Connection:
      - close
      X-Frame-Options:
      - SAMEORIGIN
      X-Xss-Protection:
      - 1; mode=block
      X-Ratelimit-Limit:
      - '100'
      X-Ratelimit-Remaining:
      - '99'
      X-Ratelimit-Reset:
      - '10'
      Access-Control-Allow-Origin:
      - "*"
    body:
      encoding: ASCII-8BIT
      string: '{"success":true,"data":null,"additional_data":{"pagination":{"start":0,"limit":100,"more_items_in_collection":false}}}'
    http_version: 
  recorded_at: Thu, 21 Jul 2016 12:30:18 GMT
- request:
    method: get
    uri: https://api.pipedrive.com/v1/deals/1569/products?api_token=<API_KEY>&include_product_data=1
    body:
      encoding: US-ASCII
      string: ''
    headers:
      Connection:
      - close
      Host:
      - api.pipedrive.com
      User-Agent:
      - http.rb/2.0.2
  response:
    status:
      code: 200
      message: OK
    headers:
      Server:
      - nginx
      Date:
      - Thu, 21 Jul 2016 12:31:00 GMT
      Content-Type:
      - application/json
      Transfer-Encoding:
      - chunked
      Connection:
      - close
      X-Frame-Options:
      - SAMEORIGIN
      X-Xss-Protection:
      - 1; mode=block
      X-Ratelimit-Limit:
      - '100'
      X-Ratelimit-Remaining:
      - '99'
      X-Ratelimit-Reset:
      - '10'
      Access-Control-Allow-Origin:
      - "*"
    body:
      encoding: ASCII-8BIT
      string: '{"success":true,"data":null,"additional_data":{"pagination":{"start":0,"limit":100,"more_items_in_collection":false}}}'
    http_version: 
  recorded_at: Thu, 21 Jul 2016 12:31:01 GMT
- request:
    method: get
    uri: https://api.pipedrive.com/v1/deals/1572/products?api_token=<API_KEY>&include_product_data=1
    body:
      encoding: US-ASCII
      string: ''
    headers:
      Connection:
      - close
      Host:
      - api.pipedrive.com
      User-Agent:
      - http.rb/2.0.2
  response:
    status:
      code: 200
      message: OK
    headers:
      Server:
      - nginx
      Date:
      - Thu, 21 Jul 2016 12:31:52 GMT
      Content-Type:
      - application/json
      Transfer-Encoding:
      - chunked
      Connection:
      - close
      X-Frame-Options:
      - SAMEORIGIN
      X-Xss-Protection:
      - 1; mode=block
      X-Ratelimit-Limit:
      - '100'
      X-Ratelimit-Remaining:
      - '99'
      X-Ratelimit-Reset:
      - '10'
      Access-Control-Allow-Origin:
      - "*"
    body:
      encoding: ASCII-8BIT
      string: '{"success":true,"data":null,"additional_data":{"pagination":{"start":0,"limit":100,"more_items_in_collection":false}}}'
    http_version: 
  recorded_at: Thu, 21 Jul 2016 12:31:52 GMT
- request:
    method: get
    uri: https://api.pipedrive.com/v1/deals/1575/products?api_token=<API_KEY>&include_product_data=1
    body:
      encoding: US-ASCII
      string: ''
    headers:
      Connection:
      - close
      Host:
      - api.pipedrive.com
      User-Agent:
      - http.rb/2.0.2
  response:
    status:
      code: 200
      message: OK
    headers:
      Server:
      - nginx
      Date:
      - Thu, 21 Jul 2016 12:33:25 GMT
      Content-Type:
      - application/json
      Transfer-Encoding:
      - chunked
      Connection:
      - close
      X-Frame-Options:
      - SAMEORIGIN
      X-Xss-Protection:
      - 1; mode=block
      X-Ratelimit-Limit:
      - '100'
      X-Ratelimit-Remaining:
      - '99'
      X-Ratelimit-Reset:
      - '10'
      Access-Control-Allow-Origin:
      - "*"
    body:
      encoding: ASCII-8BIT
      string: '{"success":true,"data":null,"additional_data":{"pagination":{"start":0,"limit":100,"more_items_in_collection":false}}}'
    http_version: 
  recorded_at: Thu, 21 Jul 2016 12:33:25 GMT
- request:
    method: get
    uri: https://api.pipedrive.com/v1/deals/1577/products?api_token=<API_KEY>&include_product_data=1
    body:
      encoding: US-ASCII
      string: ''
    headers:
      Connection:
      - close
      Host:
      - api.pipedrive.com
      User-Agent:
      - http.rb/2.0.2
  response:
    status:
      code: 200
      message: OK
    headers:
      Server:
      - nginx
      Date:
      - Thu, 21 Jul 2016 12:36:54 GMT
      Content-Type:
      - application/json
      Transfer-Encoding:
      - chunked
      Connection:
      - close
      X-Frame-Options:
      - SAMEORIGIN
      X-Xss-Protection:
      - 1; mode=block
      X-Ratelimit-Limit:
      - '100'
      X-Ratelimit-Remaining:
      - '99'
      X-Ratelimit-Reset:
      - '10'
      Access-Control-Allow-Origin:
      - "*"
    body:
      encoding: ASCII-8BIT
      string: '{"success":true,"data":null,"additional_data":{"pagination":{"start":0,"limit":100,"more_items_in_collection":false}}}'
    http_version: 
  recorded_at: Thu, 21 Jul 2016 12:36:54 GMT
- request:
    method: get
    uri: https://api.pipedrive.com/v1/deals/1580/products?api_token=<API_KEY>&include_product_data=1
    body:
      encoding: US-ASCII
      string: ''
    headers:
      Connection:
      - close
      Host:
      - api.pipedrive.com
      User-Agent:
      - http.rb/2.0.2
  response:
    status:
      code: 200
      message: OK
    headers:
      Server:
      - nginx
      Date:
      - Thu, 21 Jul 2016 12:43:53 GMT
      Content-Type:
      - application/json
      Transfer-Encoding:
      - chunked
      Connection:
      - close
      X-Frame-Options:
      - SAMEORIGIN
      X-Xss-Protection:
      - 1; mode=block
      X-Ratelimit-Limit:
      - '100'
      X-Ratelimit-Remaining:
      - '99'
      X-Ratelimit-Reset:
      - '10'
      Access-Control-Allow-Origin:
      - "*"
    body:
      encoding: ASCII-8BIT
      string: '{"success":true,"data":null,"additional_data":{"pagination":{"start":0,"limit":100,"more_items_in_collection":false}}}'
    http_version: 
  recorded_at: Thu, 21 Jul 2016 12:43:53 GMT
- request:
    method: get
    uri: https://api.pipedrive.com/v1/deals/1584/products?api_token=<API_KEY>&include_product_data=1
    body:
      encoding: US-ASCII
      string: ''
    headers:
      Connection:
      - close
      Host:
      - api.pipedrive.com
      User-Agent:
      - http.rb/2.0.2
  response:
    status:
      code: 200
      message: OK
    headers:
      Server:
      - nginx
      Date:
      - Thu, 21 Jul 2016 12:44:53 GMT
      Content-Type:
      - application/json
      Transfer-Encoding:
      - chunked
      Connection:
      - close
      X-Frame-Options:
      - SAMEORIGIN
      X-Xss-Protection:
      - 1; mode=block
      X-Ratelimit-Limit:
      - '100'
      X-Ratelimit-Remaining:
      - '99'
      X-Ratelimit-Reset:
      - '10'
      Access-Control-Allow-Origin:
      - "*"
    body:
      encoding: ASCII-8BIT
      string: '{"success":true,"data":null,"additional_data":{"pagination":{"start":0,"limit":100,"more_items_in_collection":false}}}'
    http_version: 
  recorded_at: Thu, 21 Jul 2016 12:44:53 GMT
recorded_with: VCR 3.0.3
