---
http_interactions:
- request:
    method: delete
    uri: https://api.pipedrive.com/v1/products/221?api_token=<API_KEY>
    body:
      encoding: US-ASCII
      string: ''
    headers:
      Connection:
      - close
      Host:
      - api.pipedrive.com
      User-Agent:
      - http.rb/2.0.2
  response:
    status:
      code: 200
      message: OK
    headers:
      Server:
      - nginx
      Date:
      - Tue, 19 Jul 2016 17:06:39 GMT
      Content-Type:
      - application/json
      Transfer-Encoding:
      - chunked
      Connection:
      - close
      X-Frame-Options:
      - SAMEORIGIN
      X-Xss-Protection:
      - 1; mode=block
      X-Ratelimit-Limit:
      - '100'
      X-Ratelimit-Remaining:
      - '99'
      X-Ratelimit-Reset:
      - '10'
      Access-Control-Allow-Origin:
      - "*"
    body:
      encoding: ASCII-8BIT
      string: '{"success":true,"data":{"id":221}}'
    http_version: 
  recorded_at: Tue, 19 Jul 2016 17:06:40 GMT
- request:
    method: delete
    uri: https://api.pipedrive.com/v1/products/224?api_token=<API_KEY>
    body:
      encoding: US-ASCII
      string: ''
    headers:
      Connection:
      - close
      Host:
      - api.pipedrive.com
      User-Agent:
      - http.rb/2.0.2
  response:
    status:
      code: 200
      message: OK
    headers:
      Server:
      - nginx
      Date:
      - Tue, 19 Jul 2016 17:07:07 GMT
      Content-Type:
      - application/json
      Transfer-Encoding:
      - chunked
      Connection:
      - close
      X-Frame-Options:
      - SAMEORIGIN
      X-Xss-Protection:
      - 1; mode=block
      X-Ratelimit-Limit:
      - '100'
      X-Ratelimit-Remaining:
      - '99'
      X-Ratelimit-Reset:
      - '10'
      Access-Control-Allow-Origin:
      - "*"
    body:
      encoding: ASCII-8BIT
      string: '{"success":true,"data":{"id":224}}'
    http_version: 
  recorded_at: Tue, 19 Jul 2016 17:07:08 GMT
- request:
    method: delete
    uri: https://api.pipedrive.com/v1/products/275?api_token=<API_KEY>
    body:
      encoding: US-ASCII
      string: ''
    headers:
      Connection:
      - close
      Host:
      - api.pipedrive.com
      User-Agent:
      - http.rb/2.0.2
  response:
    status:
      code: 200
      message: OK
    headers:
      Server:
      - nginx
      Date:
      - Tue, 19 Jul 2016 17:27:45 GMT
      Content-Type:
      - application/json
      Transfer-Encoding:
      - chunked
      Connection:
      - close
      X-Frame-Options:
      - SAMEORIGIN
      X-Xss-Protection:
      - 1; mode=block
      X-Ratelimit-Limit:
      - '100'
      X-Ratelimit-Remaining:
      - '99'
      X-Ratelimit-Reset:
      - '10'
      Access-Control-Allow-Origin:
      - "*"
    body:
      encoding: ASCII-8BIT
      string: '{"success":true,"data":{"id":275}}'
    http_version: 
  recorded_at: Tue, 19 Jul 2016 17:27:45 GMT
- request:
    method: delete
    uri: https://api.pipedrive.com/v1/products/276?api_token=<API_KEY>
    body:
      encoding: US-ASCII
      string: ''
    headers:
      Connection:
      - close
      Host:
      - api.pipedrive.com
      User-Agent:
      - http.rb/2.0.2
  response:
    status:
      code: 200
      message: OK
    headers:
      Server:
      - nginx
      Date:
      - Tue, 19 Jul 2016 17:29:31 GMT
      Content-Type:
      - application/json
      Transfer-Encoding:
      - chunked
      Connection:
      - close
      X-Frame-Options:
      - SAMEORIGIN
      X-Xss-Protection:
      - 1; mode=block
      X-Ratelimit-Limit:
      - '100'
      X-Ratelimit-Remaining:
      - '98'
      X-Ratelimit-Reset:
      - '0'
      Access-Control-Allow-Origin:
      - "*"
    body:
      encoding: ASCII-8BIT
      string: '{"success":true,"data":{"id":276}}'
    http_version: 
  recorded_at: Tue, 19 Jul 2016 17:29:31 GMT
- request:
    method: delete
    uri: https://api.pipedrive.com/v1/products/291?api_token=<API_KEY>
    body:
      encoding: US-ASCII
      string: ''
    headers:
      Connection:
      - close
      Host:
      - api.pipedrive.com
      User-Agent:
      - http.rb/2.0.2
  response:
    status:
      code: 200
      message: OK
    headers:
      Server:
      - nginx
      Date:
      - Tue, 19 Jul 2016 17:31:00 GMT
      Content-Type:
      - application/json
      Transfer-Encoding:
      - chunked
      Connection:
      - close
      X-Frame-Options:
      - SAMEORIGIN
      X-Xss-Protection:
      - 1; mode=block
      X-Ratelimit-Limit:
      - '100'
      X-Ratelimit-Remaining:
      - '99'
      X-Ratelimit-Reset:
      - '10'
      Access-Control-Allow-Origin:
      - "*"
    body:
      encoding: ASCII-8BIT
      string: '{"success":true,"data":{"id":291}}'
    http_version: 
  recorded_at: Tue, 19 Jul 2016 17:31:00 GMT
- request:
    method: delete
    uri: https://api.pipedrive.com/v1/products/294?api_token=<API_KEY>
    body:
      encoding: US-ASCII
      string: ''
    headers:
      Connection:
      - close
      Host:
      - api.pipedrive.com
      User-Agent:
      - http.rb/2.0.2
  response:
    status:
      code: 200
      message: OK
    headers:
      Server:
      - nginx
      Date:
      - Tue, 19 Jul 2016 17:31:22 GMT
      Content-Type:
      - application/json
      Transfer-Encoding:
      - chunked
      Connection:
      - close
      X-Frame-Options:
      - SAMEORIGIN
      X-Xss-Protection:
      - 1; mode=block
      X-Ratelimit-Limit:
      - '100'
      X-Ratelimit-Remaining:
      - '99'
      X-Ratelimit-Reset:
      - '10'
      Access-Control-Allow-Origin:
      - "*"
    body:
      encoding: ASCII-8BIT
      string: '{"success":true,"data":{"id":294}}'
    http_version: 
  recorded_at: Tue, 19 Jul 2016 17:31:22 GMT
recorded_with: VCR 3.0.3
