---
http_interactions:
- request:
    method: post
    uri: https://api.pipedrive.com/v1/activityTypes/?api_token=<API_KEY>
    body:
      encoding: UTF-8
      string: '{"name":"75 - Novo Produto","color":null}'
    headers:
      Connection:
      - close
      Content-Type:
      - application/json; charset=UTF-8
      Host:
      - api.pipedrive.com
      User-Agent:
      - http.rb/2.2.2
  response:
    status:
      code: 201
      message: Created
    headers:
      Date:
      - Thu, 14 Sep 2017 21:21:49 GMT
      Content-Type:
      - application/json
      Transfer-Encoding:
      - chunked
      Connection:
      - close
      X-Frame-Options:
      - SAMEORIGIN
      X-Xss-Protection:
      - 1; mode=block
      X-Correlation-Id:
      - ad57b722-3634-4991-9eb8-0039af57c773
      Access-Control-Allow-Origin:
      - "*"
      X-Content-Type-Options:
      - nosniff
      X-Newrelic-App-Data:
      - PxQOVVFaCwoTVlJUAwMPVFMTGhE1AwE2QgNWEVlbQFtcC2VOchRAFgtba04QUmQcUQcVC0FYQx8wSEZWETpMC14GXRpnSFtBR0cVUR9RA1JUBhtRSFMMCgdXTU8GHRVRVABXUANfVVAJVVpWWg5XEB8DWA1CBG4=
      Strict-Transport-Security:
      - max-age=15768000
      - max-age=15768000
      Set-Cookie:
      - pipe-last-active=1505424109697;path=/;domain=.pipedrive.com;expires=0
      X-Ratelimit-Limit:
      - '100'
      X-Ratelimit-Remaining:
      - '94'
      X-Ratelimit-Reset:
      - '6'
      Server:
      - no-name-at-all
    body:
      encoding: ASCII-8BIT
      string: '{"success":true,"data":{"id":83,"order_nr":19,"name":"75 - Novo Produto","key_string":"75___novo_produto3","icon_key":"75
        - novo produto","active_flag":true,"color":null,"is_custom_flag":true,"add_time":"2017-09-14
        21:21:49","update_time":"2017-09-14 21:21:49"}}'
    http_version: 
  recorded_at: Thu, 14 Sep 2017 21:21:49 GMT
- request:
    method: post
    uri: https://api.pipedrive.com/v1/activityTypes/?api_token=<API_KEY>
    body:
      encoding: UTF-8
      string: '{"name":"6 - Novo Produto","color":null}'
    headers:
      Connection:
      - close
      Content-Type:
      - application/json; charset=UTF-8
      Host:
      - api.pipedrive.com
      User-Agent:
      - http.rb/2.2.2
  response:
    status:
      code: 201
      message: Created
    headers:
      Date:
      - Thu, 14 Sep 2017 21:21:50 GMT
      Content-Type:
      - application/json
      Transfer-Encoding:
      - chunked
      Connection:
      - close
      X-Frame-Options:
      - SAMEORIGIN
      X-Xss-Protection:
      - 1; mode=block
      X-Correlation-Id:
      - e13b2d55-f4db-404b-b8dc-84795d2ba45c
      Access-Control-Allow-Origin:
      - "*"
      X-Content-Type-Options:
      - nosniff
      X-Newrelic-App-Data:
      - PxQOVVFaCwoTVlJUAwMPVFMTGhE1AwE2QgNWEVlbQFtcC2VOchRAFgtba04QUmQcUQcVC0FYQx8wSEZWETpMC14GXRpnSFtBR0cVUR9RA1JUBhtRSFMMCgNXTU8GHRVTAAIOBFBfW1BVVgkHXAoCEB8DWA1CBG4=
      Strict-Transport-Security:
      - max-age=15768000
      - max-age=15768000
      Set-Cookie:
      - pipe-last-active=1505424110541;path=/;domain=.pipedrive.com;expires=0
      X-Ratelimit-Limit:
      - '100'
      X-Ratelimit-Remaining:
      - '93'
      X-Ratelimit-Reset:
      - '5'
      Server:
      - no-name-at-all
    body:
      encoding: ASCII-8BIT
      string: '{"success":true,"data":{"id":84,"order_nr":20,"name":"6 - Novo Produto","key_string":"6___novo_produto4","icon_key":"6
        - novo produto","active_flag":true,"color":null,"is_custom_flag":true,"add_time":"2017-09-14
        21:21:50","update_time":"2017-09-14 21:21:50"}}'
    http_version: 
  recorded_at: Thu, 14 Sep 2017 21:21:50 GMT
- request:
    method: delete
    uri: https://api.pipedrive.com/v1/activityTypes/83?api_token=<API_KEY>
    body:
      encoding: US-ASCII
      string: ''
    headers:
      Connection:
      - close
      Host:
      - api.pipedrive.com
      User-Agent:
      - http.rb/2.2.2
  response:
    status:
      code: 200
      message: OK
    headers:
      Date:
      - Thu, 14 Sep 2017 21:21:51 GMT
      Content-Type:
      - application/json
      Transfer-Encoding:
      - chunked
      Connection:
      - close
      X-Frame-Options:
      - SAMEORIGIN
      X-Xss-Protection:
      - 1; mode=block
      X-Correlation-Id:
      - 06b6b8fc-afea-43ff-83c7-3e8f2c10e81e
      Access-Control-Allow-Origin:
      - "*"
      X-Content-Type-Options:
      - nosniff
      X-Newrelic-App-Data:
      - PxQOVVFaCwoTVlJUAwMPVFMTGhE1AwE2QgNWEVlbQFtcC2VOchRAFgtba04QUmQcUQcVC0FYQx8wSEZWETpMC0QHVT1cXVhXRwAbTQFPA1JUBgdNVk0IBwNcVU4aABtEBgdUBFYFWloHUVoDXAlXAxFJXwBdElY/
      Strict-Transport-Security:
      - max-age=15768000
      - max-age=15768000
      Set-Cookie:
      - pipe-last-active=1505424111391;path=/;domain=.pipedrive.com;expires=0
      X-Ratelimit-Limit:
      - '100'
      X-Ratelimit-Remaining:
      - '92'
      X-Ratelimit-Reset:
      - '5'
      Server:
      - no-name-at-all
    body:
      encoding: ASCII-8BIT
      string: '{"success":true,"data":{"id":83,"order_nr":19,"name":"75 - Novo Produto","key_string":"75___novo_produto3","icon_key":"75
        - novo produto","active_flag":true,"color":null,"is_custom_flag":true,"add_time":"2017-09-14
        21:21:49","update_time":"2017-09-14 21:21:49"}}'
    http_version: 
  recorded_at: Thu, 14 Sep 2017 21:21:51 GMT
recorded_with: VCR 3.0.3
