---
http_interactions:
- request:
    method: delete
    uri: https://api.pipedrive.com/v1/deals/443?api_token=<API_KEY>
    body:
      encoding: US-ASCII
      string: ''
    headers:
      Connection:
      - close
      Host:
      - api.pipedrive.com
      User-Agent:
      - http.rb/2.0.2
  response:
    status:
      code: 200
      message: OK
    headers:
      Server:
      - nginx
      Date:
      - Wed, 06 Jul 2016 20:12:38 GMT
      Content-Type:
      - application/json
      Transfer-Encoding:
      - chunked
      Connection:
      - close
      X-Frame-Options:
      - SAMEORIGIN
      X-Xss-Protection:
      - 1; mode=block
      X-Ratelimit-Limit:
      - '100'
      X-Ratelimit-Remaining:
      - '99'
      X-Ratelimit-Reset:
      - '10'
      Access-Control-Allow-Origin:
      - "*"
    body:
      encoding: ASCII-8BIT
      string: '{"success":true,"data":{"id":443}}'
    http_version: 
  recorded_at: Wed, 06 Jul 2016 20:12:38 GMT
- request:
    method: delete
    uri: https://api.pipedrive.com/v1/deals/444?api_token=<API_KEY>
    body:
      encoding: US-ASCII
      string: ''
    headers:
      Connection:
      - close
      Host:
      - api.pipedrive.com
      User-Agent:
      - http.rb/2.0.2
  response:
    status:
      code: 200
      message: OK
    headers:
      Server:
      - nginx
      Date:
      - Wed, 06 Jul 2016 20:37:38 GMT
      Content-Type:
      - application/json
      Transfer-Encoding:
      - chunked
      Connection:
      - close
      X-Frame-Options:
      - SAMEORIGIN
      X-Xss-Protection:
      - 1; mode=block
      X-Ratelimit-Limit:
      - '100'
      X-Ratelimit-Remaining:
      - '99'
      X-Ratelimit-Reset:
      - '10'
      Access-Control-Allow-Origin:
      - "*"
    body:
      encoding: ASCII-8BIT
      string: '{"success":true,"data":{"id":444}}'
    http_version: 
  recorded_at: Wed, 06 Jul 2016 20:37:38 GMT
- request:
    method: delete
    uri: https://api.pipedrive.com/v1/deals/451?api_token=<API_KEY>
    body:
      encoding: US-ASCII
      string: ''
    headers:
      Connection:
      - close
      Host:
      - api.pipedrive.com
      User-Agent:
      - http.rb/2.0.2
  response:
    status:
      code: 200
      message: OK
    headers:
      Server:
      - nginx
      Date:
      - Wed, 06 Jul 2016 21:10:12 GMT
      Content-Type:
      - application/json
      Transfer-Encoding:
      - chunked
      Connection:
      - close
      X-Frame-Options:
      - SAMEORIGIN
      X-Xss-Protection:
      - 1; mode=block
      X-Ratelimit-Limit:
      - '100'
      X-Ratelimit-Remaining:
      - '99'
      X-Ratelimit-Reset:
      - '10'
      Access-Control-Allow-Origin:
      - "*"
    body:
      encoding: ASCII-8BIT
      string: '{"success":true,"data":{"id":451}}'
    http_version: 
  recorded_at: Wed, 06 Jul 2016 21:10:12 GMT
- request:
    method: delete
    uri: https://api.pipedrive.com/v1/deals/454?api_token=<API_KEY>
    body:
      encoding: US-ASCII
      string: ''
    headers:
      Connection:
      - close
      Host:
      - api.pipedrive.com
      User-Agent:
      - http.rb/2.0.2
  response:
    status:
      code: 200
      message: OK
    headers:
      Server:
      - nginx
      Date:
      - Wed, 06 Jul 2016 21:12:31 GMT
      Content-Type:
      - application/json
      Transfer-Encoding:
      - chunked
      Connection:
      - close
      X-Frame-Options:
      - SAMEORIGIN
      X-Xss-Protection:
      - 1; mode=block
      X-Ratelimit-Limit:
      - '100'
      X-Ratelimit-Remaining:
      - '99'
      X-Ratelimit-Reset:
      - '10'
      Access-Control-Allow-Origin:
      - "*"
    body:
      encoding: ASCII-8BIT
      string: '{"success":true,"data":{"id":454}}'
    http_version: 
  recorded_at: Wed, 06 Jul 2016 21:12:31 GMT
- request:
    method: delete
    uri: https://api.pipedrive.com/v1/deals/457?api_token=<API_KEY>
    body:
      encoding: US-ASCII
      string: ''
    headers:
      Connection:
      - close
      Host:
      - api.pipedrive.com
      User-Agent:
      - http.rb/2.0.2
  response:
    status:
      code: 200
      message: OK
    headers:
      Server:
      - nginx
      Date:
      - Wed, 06 Jul 2016 21:16:14 GMT
      Content-Type:
      - application/json
      Transfer-Encoding:
      - chunked
      Connection:
      - close
      X-Frame-Options:
      - SAMEORIGIN
      X-Xss-Protection:
      - 1; mode=block
      X-Ratelimit-Limit:
      - '100'
      X-Ratelimit-Remaining:
      - '99'
      X-Ratelimit-Reset:
      - '10'
      Access-Control-Allow-Origin:
      - "*"
    body:
      encoding: ASCII-8BIT
      string: '{"success":true,"data":{"id":457}}'
    http_version: 
  recorded_at: Wed, 06 Jul 2016 21:16:14 GMT
- request:
    method: delete
    uri: https://api.pipedrive.com/v1/deals/460?api_token=<API_KEY>
    body:
      encoding: US-ASCII
      string: ''
    headers:
      Connection:
      - close
      Host:
      - api.pipedrive.com
      User-Agent:
      - http.rb/2.0.2
  response:
    status:
      code: 200
      message: OK
    headers:
      Server:
      - nginx
      Date:
      - Wed, 06 Jul 2016 21:17:13 GMT
      Content-Type:
      - application/json
      Transfer-Encoding:
      - chunked
      Connection:
      - close
      X-Frame-Options:
      - SAMEORIGIN
      X-Xss-Protection:
      - 1; mode=block
      X-Ratelimit-Limit:
      - '100'
      X-Ratelimit-Remaining:
      - '99'
      X-Ratelimit-Reset:
      - '10'
      Access-Control-Allow-Origin:
      - "*"
    body:
      encoding: ASCII-8BIT
      string: '{"success":true,"data":{"id":460}}'
    http_version: 
  recorded_at: Wed, 06 Jul 2016 21:17:13 GMT
- request:
    method: delete
    uri: https://api.pipedrive.com/v1/deals/462?api_token=<API_KEY>
    body:
      encoding: US-ASCII
      string: ''
    headers:
      Connection:
      - close
      Host:
      - api.pipedrive.com
      User-Agent:
      - http.rb/2.0.2
  response:
    status:
      code: 200
      message: OK
    headers:
      Server:
      - nginx
      Date:
      - Wed, 06 Jul 2016 21:43:30 GMT
      Content-Type:
      - application/json
      Transfer-Encoding:
      - chunked
      Connection:
      - close
      X-Frame-Options:
      - SAMEORIGIN
      X-Xss-Protection:
      - 1; mode=block
      X-Ratelimit-Limit:
      - '100'
      X-Ratelimit-Remaining:
      - '98'
      X-Ratelimit-Reset:
      - '4'
      Access-Control-Allow-Origin:
      - "*"
    body:
      encoding: ASCII-8BIT
      string: '{"success":true,"data":{"id":462}}'
    http_version: 
  recorded_at: Wed, 06 Jul 2016 21:43:31 GMT
recorded_with: VCR 3.0.3
