---
http_interactions:
- request:
    method: get
    uri: https://api.pipedrive.com/v1/deals/1444/followers?api_token=<API_KEY>
    body:
      encoding: US-ASCII
      string: ''
    headers:
      Connection:
      - close
      Host:
      - api.pipedrive.com
      User-Agent:
      - http.rb/2.0.2
  response:
    status:
      code: 200
      message: OK
    headers:
      Server:
      - nginx
      Date:
      - Tue, 19 Jul 2016 18:24:26 GMT
      Content-Type:
      - application/json
      Transfer-Encoding:
      - chunked
      Connection:
      - close
      X-Frame-Options:
      - SAMEORIGIN
      X-Xss-Protection:
      - 1; mode=block
      X-Ratelimit-Limit:
      - '100'
      X-Ratelimit-Remaining:
      - '99'
      X-Ratelimit-Reset:
      - '10'
      Access-Control-Allow-Origin:
      - "*"
    body:
      encoding: ASCII-8BIT
      string: '{"success":true,"data":[{"user_id":742863,"id":1759,"deal_id":1444,"add_time":"2016-07-19
        17:52:11"}],"additional_data":{"pagination":{"start":0,"limit":100,"more_items_in_collection":false}}}'
    http_version: 
  recorded_at: Tue, 19 Jul 2016 18:24:26 GMT
- request:
    method: get
    uri: https://api.pipedrive.com/v1/deals/1457/followers?api_token=<API_KEY>
    body:
      encoding: US-ASCII
      string: ''
    headers:
      Connection:
      - close
      Host:
      - api.pipedrive.com
      User-Agent:
      - http.rb/2.0.2
  response:
    status:
      code: 200
      message: OK
    headers:
      Server:
      - nginx
      Date:
      - Tue, 19 Jul 2016 18:31:56 GMT
      Content-Type:
      - application/json
      Transfer-Encoding:
      - chunked
      Connection:
      - close
      X-Frame-Options:
      - SAMEORIGIN
      X-Xss-Protection:
      - 1; mode=block
      X-Ratelimit-Limit:
      - '100'
      X-Ratelimit-Remaining:
      - '99'
      X-Ratelimit-Reset:
      - '10'
      Access-Control-Allow-Origin:
      - "*"
    body:
      encoding: ASCII-8BIT
      string: '{"success":true,"data":[{"user_id":742863,"id":1775,"deal_id":1457,"add_time":"2016-07-19
        17:57:54"}],"additional_data":{"pagination":{"start":0,"limit":100,"more_items_in_collection":false}}}'
    http_version: 
  recorded_at: Tue, 19 Jul 2016 18:31:56 GMT
- request:
    method: get
    uri: https://api.pipedrive.com/v1/deals/1509/followers?api_token=<API_KEY>
    body:
      encoding: US-ASCII
      string: ''
    headers:
      Connection:
      - close
      Host:
      - api.pipedrive.com
      User-Agent:
      - http.rb/2.0.2
  response:
    status:
      code: 200
      message: OK
    headers:
      Server:
      - nginx
      Date:
      - Wed, 20 Jul 2016 18:33:24 GMT
      Content-Type:
      - application/json
      Transfer-Encoding:
      - chunked
      Connection:
      - close
      X-Frame-Options:
      - SAMEORIGIN
      X-Xss-Protection:
      - 1; mode=block
      X-Ratelimit-Limit:
      - '100'
      X-Ratelimit-Remaining:
      - '99'
      X-Ratelimit-Reset:
      - '10'
      Access-Control-Allow-Origin:
      - "*"
    body:
      encoding: ASCII-8BIT
      string: '{"success":true,"data":[{"user_id":742863,"id":1844,"deal_id":1509,"add_time":"2016-07-20
        18:33:22"}],"additional_data":{"pagination":{"start":0,"limit":100,"more_items_in_collection":false}}}'
    http_version: 
  recorded_at: Wed, 20 Jul 2016 18:33:23 GMT
- request:
    method: get
    uri: https://api.pipedrive.com/v1/deals/1512/followers?api_token=<API_KEY>
    body:
      encoding: US-ASCII
      string: ''
    headers:
      Connection:
      - close
      Host:
      - api.pipedrive.com
      User-Agent:
      - http.rb/2.0.2
  response:
    status:
      code: 200
      message: OK
    headers:
      Server:
      - nginx
      Date:
      - Wed, 20 Jul 2016 18:41:13 GMT
      Content-Type:
      - application/json
      Transfer-Encoding:
      - chunked
      Connection:
      - close
      X-Frame-Options:
      - SAMEORIGIN
      X-Xss-Protection:
      - 1; mode=block
      X-Ratelimit-Limit:
      - '100'
      X-Ratelimit-Remaining:
      - '99'
      X-Ratelimit-Reset:
      - '10'
      Access-Control-Allow-Origin:
      - "*"
    body:
      encoding: ASCII-8BIT
      string: '{"success":true,"data":[{"user_id":742863,"id":1848,"deal_id":1512,"add_time":"2016-07-20
        18:41:05"}],"additional_data":{"pagination":{"start":0,"limit":100,"more_items_in_collection":false}}}'
    http_version: 
  recorded_at: Wed, 20 Jul 2016 18:41:13 GMT
- request:
    method: get
    uri: https://api.pipedrive.com/v1/deals/1551/followers?api_token=<API_KEY>
    body:
      encoding: US-ASCII
      string: ''
    headers:
      Connection:
      - close
      Host:
      - api.pipedrive.com
      User-Agent:
      - http.rb/2.0.2
  response:
    status:
      code: 200
      message: OK
    headers:
      Server:
      - nginx
      Date:
      - Thu, 21 Jul 2016 11:59:01 GMT
      Content-Type:
      - application/json
      Transfer-Encoding:
      - chunked
      Connection:
      - close
      X-Frame-Options:
      - SAMEORIGIN
      X-Xss-Protection:
      - 1; mode=block
      X-Ratelimit-Limit:
      - '100'
      X-Ratelimit-Remaining:
      - '99'
      X-Ratelimit-Reset:
      - '10'
      Access-Control-Allow-Origin:
      - "*"
    body:
      encoding: ASCII-8BIT
      string: '{"success":true,"data":[{"user_id":742863,"id":1900,"deal_id":1551,"add_time":"2016-07-21
        11:58:58"}],"additional_data":{"pagination":{"start":0,"limit":100,"more_items_in_collection":false}}}'
    http_version: 
  recorded_at: Thu, 21 Jul 2016 11:59:01 GMT
- request:
    method: get
    uri: https://api.pipedrive.com/v1/deals/1554/followers?api_token=<API_KEY>
    body:
      encoding: US-ASCII
      string: ''
    headers:
      Connection:
      - close
      Host:
      - api.pipedrive.com
      User-Agent:
      - http.rb/2.0.2
  response:
    status:
      code: 200
      message: OK
    headers:
      Server:
      - nginx
      Date:
      - Thu, 21 Jul 2016 12:13:54 GMT
      Content-Type:
      - application/json
      Transfer-Encoding:
      - chunked
      Connection:
      - close
      X-Frame-Options:
      - SAMEORIGIN
      X-Xss-Protection:
      - 1; mode=block
      X-Ratelimit-Limit:
      - '100'
      X-Ratelimit-Remaining:
      - '99'
      X-Ratelimit-Reset:
      - '10'
      Access-Control-Allow-Origin:
      - "*"
    body:
      encoding: ASCII-8BIT
      string: '{"success":true,"data":[{"user_id":742863,"id":1904,"deal_id":1554,"add_time":"2016-07-21
        12:13:47"}],"additional_data":{"pagination":{"start":0,"limit":100,"more_items_in_collection":false}}}'
    http_version: 
  recorded_at: Thu, 21 Jul 2016 12:13:54 GMT
- request:
    method: get
    uri: https://api.pipedrive.com/v1/deals/1556/followers?api_token=<API_KEY>
    body:
      encoding: US-ASCII
      string: ''
    headers:
      Connection:
      - close
      Host:
      - api.pipedrive.com
      User-Agent:
      - http.rb/2.0.2
  response:
    status:
      code: 200
      message: OK
    headers:
      Server:
      - nginx
      Date:
      - Thu, 21 Jul 2016 12:26:52 GMT
      Content-Type:
      - application/json
      Transfer-Encoding:
      - chunked
      Connection:
      - close
      X-Frame-Options:
      - SAMEORIGIN
      X-Xss-Protection:
      - 1; mode=block
      X-Ratelimit-Limit:
      - '100'
      X-Ratelimit-Remaining:
      - '99'
      X-Ratelimit-Reset:
      - '10'
      Access-Control-Allow-Origin:
      - "*"
    body:
      encoding: ASCII-8BIT
      string: '{"success":true,"data":[{"user_id":742863,"id":1906,"deal_id":1556,"add_time":"2016-07-21
        12:13:53"}],"additional_data":{"pagination":{"start":0,"limit":100,"more_items_in_collection":false}}}'
    http_version: 
  recorded_at: Thu, 21 Jul 2016 12:26:52 GMT
- request:
    method: get
    uri: https://api.pipedrive.com/v1/deals/1560/followers?api_token=<API_KEY>
    body:
      encoding: US-ASCII
      string: ''
    headers:
      Connection:
      - close
      Host:
      - api.pipedrive.com
      User-Agent:
      - http.rb/2.0.2
  response:
    status:
      code: 200
      message: OK
    headers:
      Server:
      - nginx
      Date:
      - Thu, 21 Jul 2016 12:28:03 GMT
      Content-Type:
      - application/json
      Transfer-Encoding:
      - chunked
      Connection:
      - close
      X-Frame-Options:
      - SAMEORIGIN
      X-Xss-Protection:
      - 1; mode=block
      X-Ratelimit-Limit:
      - '100'
      X-Ratelimit-Remaining:
      - '99'
      X-Ratelimit-Reset:
      - '10'
      Access-Control-Allow-Origin:
      - "*"
    body:
      encoding: ASCII-8BIT
      string: '{"success":true,"data":[{"user_id":742863,"id":1912,"deal_id":1560,"add_time":"2016-07-21
        12:27:52"}],"additional_data":{"pagination":{"start":0,"limit":100,"more_items_in_collection":false}}}'
    http_version: 
  recorded_at: Thu, 21 Jul 2016 12:28:03 GMT
- request:
    method: get
    uri: https://api.pipedrive.com/v1/deals/1563/followers?api_token=<API_KEY>
    body:
      encoding: US-ASCII
      string: ''
    headers:
      Connection:
      - close
      Host:
      - api.pipedrive.com
      User-Agent:
      - http.rb/2.0.2
  response:
    status:
      code: 200
      message: OK
    headers:
      Server:
      - nginx
      Date:
      - Thu, 21 Jul 2016 12:29:14 GMT
      Content-Type:
      - application/json
      Transfer-Encoding:
      - chunked
      Connection:
      - close
      X-Frame-Options:
      - SAMEORIGIN
      X-Xss-Protection:
      - 1; mode=block
      X-Ratelimit-Limit:
      - '100'
      X-Ratelimit-Remaining:
      - '98'
      X-Ratelimit-Reset:
      - '9'
      Access-Control-Allow-Origin:
      - "*"
    body:
      encoding: ASCII-8BIT
      string: '{"success":true,"data":[{"user_id":742863,"id":1916,"deal_id":1563,"add_time":"2016-07-21
        12:29:00"}],"additional_data":{"pagination":{"start":0,"limit":100,"more_items_in_collection":false}}}'
    http_version: 
  recorded_at: Thu, 21 Jul 2016 12:29:14 GMT
- request:
    method: get
    uri: https://api.pipedrive.com/v1/deals/1566/followers?api_token=<API_KEY>
    body:
      encoding: US-ASCII
      string: ''
    headers:
      Connection:
      - close
      Host:
      - api.pipedrive.com
      User-Agent:
      - http.rb/2.0.2
  response:
    status:
      code: 200
      message: OK
    headers:
      Server:
      - nginx
      Date:
      - Thu, 21 Jul 2016 12:30:17 GMT
      Content-Type:
      - application/json
      Transfer-Encoding:
      - chunked
      Connection:
      - close
      X-Frame-Options:
      - SAMEORIGIN
      X-Xss-Protection:
      - 1; mode=block
      X-Ratelimit-Limit:
      - '100'
      X-Ratelimit-Remaining:
      - '99'
      X-Ratelimit-Reset:
      - '10'
      Access-Control-Allow-Origin:
      - "*"
    body:
      encoding: ASCII-8BIT
      string: '{"success":true,"data":[{"user_id":742863,"id":1920,"deal_id":1566,"add_time":"2016-07-21
        12:30:11"}],"additional_data":{"pagination":{"start":0,"limit":100,"more_items_in_collection":false}}}'
    http_version: 
  recorded_at: Thu, 21 Jul 2016 12:30:17 GMT
- request:
    method: get
    uri: https://api.pipedrive.com/v1/deals/1569/followers?api_token=<API_KEY>
    body:
      encoding: US-ASCII
      string: ''
    headers:
      Connection:
      - close
      Host:
      - api.pipedrive.com
      User-Agent:
      - http.rb/2.0.2
  response:
    status:
      code: 200
      message: OK
    headers:
      Server:
      - nginx
      Date:
      - Thu, 21 Jul 2016 12:30:57 GMT
      Content-Type:
      - application/json
      Transfer-Encoding:
      - chunked
      Connection:
      - close
      X-Frame-Options:
      - SAMEORIGIN
      X-Xss-Protection:
      - 1; mode=block
      X-Ratelimit-Limit:
      - '100'
      X-Ratelimit-Remaining:
      - '99'
      X-Ratelimit-Reset:
      - '10'
      Access-Control-Allow-Origin:
      - "*"
    body:
      encoding: ASCII-8BIT
      string: '{"success":true,"data":[{"user_id":742863,"id":1924,"deal_id":1569,"add_time":"2016-07-21
        12:30:49"}],"additional_data":{"pagination":{"start":0,"limit":100,"more_items_in_collection":false}}}'
    http_version: 
  recorded_at: Thu, 21 Jul 2016 12:30:57 GMT
- request:
    method: get
    uri: https://api.pipedrive.com/v1/deals/1572/followers?api_token=<API_KEY>
    body:
      encoding: US-ASCII
      string: ''
    headers:
      Connection:
      - close
      Host:
      - api.pipedrive.com
      User-Agent:
      - http.rb/2.0.2
  response:
    status:
      code: 200
      message: OK
    headers:
      Server:
      - nginx
      Date:
      - Thu, 21 Jul 2016 12:31:41 GMT
      Content-Type:
      - application/json
      Transfer-Encoding:
      - chunked
      Connection:
      - close
      X-Frame-Options:
      - SAMEORIGIN
      X-Xss-Protection:
      - 1; mode=block
      X-Ratelimit-Limit:
      - '100'
      X-Ratelimit-Remaining:
      - '99'
      X-Ratelimit-Reset:
      - '10'
      Access-Control-Allow-Origin:
      - "*"
    body:
      encoding: ASCII-8BIT
      string: '{"success":true,"data":[{"user_id":742863,"id":1928,"deal_id":1572,"add_time":"2016-07-21
        12:31:39"}],"additional_data":{"pagination":{"start":0,"limit":100,"more_items_in_collection":false}}}'
    http_version: 
  recorded_at: Thu, 21 Jul 2016 12:31:41 GMT
- request:
    method: get
    uri: https://api.pipedrive.com/v1/deals/1575/followers?api_token=<API_KEY>
    body:
      encoding: US-ASCII
      string: ''
    headers:
      Connection:
      - close
      Host:
      - api.pipedrive.com
      User-Agent:
      - http.rb/2.0.2
  response:
    status:
      code: 200
      message: OK
    headers:
      Server:
      - nginx
      Date:
      - Thu, 21 Jul 2016 12:33:29 GMT
      Content-Type:
      - application/json
      Transfer-Encoding:
      - chunked
      Connection:
      - close
      X-Frame-Options:
      - SAMEORIGIN
      X-Xss-Protection:
      - 1; mode=block
      X-Ratelimit-Limit:
      - '100'
      X-Ratelimit-Remaining:
      - '98'
      X-Ratelimit-Reset:
      - '8'
      Access-Control-Allow-Origin:
      - "*"
    body:
      encoding: ASCII-8BIT
      string: '{"success":true,"data":[{"user_id":742863,"id":1932,"deal_id":1575,"add_time":"2016-07-21
        12:33:20"}],"additional_data":{"pagination":{"start":0,"limit":100,"more_items_in_collection":false}}}'
    http_version: 
  recorded_at: Thu, 21 Jul 2016 12:33:29 GMT
- request:
    method: get
    uri: https://api.pipedrive.com/v1/deals/1577/followers?api_token=<API_KEY>
    body:
      encoding: US-ASCII
      string: ''
    headers:
      Connection:
      - close
      Host:
      - api.pipedrive.com
      User-Agent:
      - http.rb/2.0.2
  response:
    status:
      code: 200
      message: OK
    headers:
      Server:
      - nginx
      Date:
      - Thu, 21 Jul 2016 12:37:02 GMT
      Content-Type:
      - application/json
      Transfer-Encoding:
      - chunked
      Connection:
      - close
      X-Frame-Options:
      - SAMEORIGIN
      X-Xss-Protection:
      - 1; mode=block
      X-Ratelimit-Limit:
      - '100'
      X-Ratelimit-Remaining:
      - '99'
      X-Ratelimit-Reset:
      - '10'
      Access-Control-Allow-Origin:
      - "*"
    body:
      encoding: ASCII-8BIT
      string: '{"success":true,"data":[{"user_id":742863,"id":1934,"deal_id":1577,"add_time":"2016-07-21
        12:33:24"}],"additional_data":{"pagination":{"start":0,"limit":100,"more_items_in_collection":false}}}'
    http_version: 
  recorded_at: Thu, 21 Jul 2016 12:37:02 GMT
- request:
    method: get
    uri: https://api.pipedrive.com/v1/deals/1580/followers?api_token=<API_KEY>
    body:
      encoding: US-ASCII
      string: ''
    headers:
      Connection:
      - close
      Host:
      - api.pipedrive.com
      User-Agent:
      - http.rb/2.0.2
  response:
    status:
      code: 200
      message: OK
    headers:
      Server:
      - nginx
      Date:
      - Thu, 21 Jul 2016 12:43:57 GMT
      Content-Type:
      - application/json
      Transfer-Encoding:
      - chunked
      Connection:
      - close
      X-Frame-Options:
      - SAMEORIGIN
      X-Xss-Protection:
      - 1; mode=block
      X-Ratelimit-Limit:
      - '100'
      X-Ratelimit-Remaining:
      - '99'
      X-Ratelimit-Reset:
      - '10'
      Access-Control-Allow-Origin:
      - "*"
    body:
      encoding: ASCII-8BIT
      string: '{"success":true,"data":[{"user_id":742863,"id":1938,"deal_id":1580,"add_time":"2016-07-21
        12:36:52"}],"additional_data":{"pagination":{"start":0,"limit":100,"more_items_in_collection":false}}}'
    http_version: 
  recorded_at: Thu, 21 Jul 2016 12:43:58 GMT
- request:
    method: get
    uri: https://api.pipedrive.com/v1/deals/1584/followers?api_token=<API_KEY>
    body:
      encoding: US-ASCII
      string: ''
    headers:
      Connection:
      - close
      Host:
      - api.pipedrive.com
      User-Agent:
      - http.rb/2.0.2
  response:
    status:
      code: 200
      message: OK
    headers:
      Server:
      - nginx
      Date:
      - Thu, 21 Jul 2016 12:44:56 GMT
      Content-Type:
      - application/json
      Transfer-Encoding:
      - chunked
      Connection:
      - close
      X-Frame-Options:
      - SAMEORIGIN
      X-Xss-Protection:
      - 1; mode=block
      X-Ratelimit-Limit:
      - '100'
      X-Ratelimit-Remaining:
      - '99'
      X-Ratelimit-Reset:
      - '10'
      Access-Control-Allow-Origin:
      - "*"
    body:
      encoding: ASCII-8BIT
      string: '{"success":true,"data":[{"user_id":742863,"id":1944,"deal_id":1584,"add_time":"2016-07-21
        12:44:51"}],"additional_data":{"pagination":{"start":0,"limit":100,"more_items_in_collection":false}}}'
    http_version: 
  recorded_at: Thu, 21 Jul 2016 12:44:56 GMT
recorded_with: VCR 3.0.3
