---
http_interactions:
- request:
    method: get
    uri: https://api.pipedrive.com/v1/deals/989/followers?api_token=<API_KEY>
    body:
      encoding: US-ASCII
      string: ''
    headers:
      Connection:
      - close
      Host:
      - api.pipedrive.com
      User-Agent:
      - http.rb/2.0.2
  response:
    status:
      code: 200
      message: OK
    headers:
      Server:
      - nginx
      Date:
      - Thu, 14 Jul 2016 11:03:56 GMT
      Content-Type:
      - application/json
      Transfer-Encoding:
      - chunked
      Connection:
      - close
      X-Frame-Options:
      - SAMEORIGIN
      X-Xss-Protection:
      - 1; mode=block
      X-Ratelimit-Limit:
      - '100'
      X-Ratelimit-Remaining:
      - '99'
      X-Ratelimit-Reset:
      - '10'
      Access-Control-Allow-Origin:
      - "*"
    body:
      encoding: ASCII-8BIT
      string: '{"success":true,"data":[{"user_id":742863,"id":1167,"deal_id":989,"add_time":"2016-07-14
        11:00:16"}],"additional_data":{"pagination":{"start":0,"limit":100,"more_items_in_collection":false}}}'
    http_version: 
  recorded_at: Thu, 14 Jul 2016 11:03:56 GMT
- request:
    method: get
    uri: https://api.pipedrive.com/v1/deals/998/followers?api_token=<API_KEY>
    body:
      encoding: US-ASCII
      string: ''
    headers:
      Connection:
      - close
      Host:
      - api.pipedrive.com
      User-Agent:
      - http.rb/2.0.2
  response:
    status:
      code: 200
      message: OK
    headers:
      Server:
      - nginx
      Date:
      - Thu, 14 Jul 2016 11:13:57 GMT
      Content-Type:
      - application/json
      Transfer-Encoding:
      - chunked
      Connection:
      - close
      X-Frame-Options:
      - SAMEORIGIN
      X-Xss-Protection:
      - 1; mode=block
      X-Ratelimit-Limit:
      - '100'
      X-Ratelimit-Remaining:
      - '99'
      X-Ratelimit-Reset:
      - '10'
      Access-Control-Allow-Origin:
      - "*"
    body:
      encoding: ASCII-8BIT
      string: '{"success":true,"data":[{"user_id":742863,"id":1178,"deal_id":998,"add_time":"2016-07-14
        11:03:49"}],"additional_data":{"pagination":{"start":0,"limit":100,"more_items_in_collection":false}}}'
    http_version: 
  recorded_at: Thu, 14 Jul 2016 11:13:57 GMT
- request:
    method: get
    uri: https://api.pipedrive.com/v1/deals/999/followers?api_token=<API_KEY>
    body:
      encoding: US-ASCII
      string: ''
    headers:
      Connection:
      - close
      Host:
      - api.pipedrive.com
      User-Agent:
      - http.rb/2.0.2
  response:
    status:
      code: 200
      message: OK
    headers:
      Server:
      - nginx
      Date:
      - Thu, 14 Jul 2016 12:43:35 GMT
      Content-Type:
      - application/json
      Transfer-Encoding:
      - chunked
      Connection:
      - close
      X-Frame-Options:
      - SAMEORIGIN
      X-Xss-Protection:
      - 1; mode=block
      X-Ratelimit-Limit:
      - '100'
      X-Ratelimit-Remaining:
      - '99'
      X-Ratelimit-Reset:
      - '10'
      Access-Control-Allow-Origin:
      - "*"
    body:
      encoding: ASCII-8BIT
      string: '{"success":true,"data":[{"user_id":742863,"id":1179,"deal_id":999,"add_time":"2016-07-14
        11:03:49"}],"additional_data":{"pagination":{"start":0,"limit":100,"more_items_in_collection":false}}}'
    http_version: 
  recorded_at: Thu, 14 Jul 2016 12:43:36 GMT
- request:
    method: get
    uri: https://api.pipedrive.com/v1/deals/1000/followers?api_token=<API_KEY>
    body:
      encoding: US-ASCII
      string: ''
    headers:
      Connection:
      - close
      Host:
      - api.pipedrive.com
      User-Agent:
      - http.rb/2.0.2
  response:
    status:
      code: 200
      message: OK
    headers:
      Server:
      - nginx
      Date:
      - Thu, 14 Jul 2016 12:46:32 GMT
      Content-Type:
      - application/json
      Transfer-Encoding:
      - chunked
      Connection:
      - close
      X-Frame-Options:
      - SAMEORIGIN
      X-Xss-Protection:
      - 1; mode=block
      X-Ratelimit-Limit:
      - '100'
      X-Ratelimit-Remaining:
      - '98'
      X-Ratelimit-Reset:
      - '7'
      Access-Control-Allow-Origin:
      - "*"
    body:
      encoding: ASCII-8BIT
      string: '{"success":true,"data":[{"user_id":742863,"id":1180,"deal_id":1000,"add_time":"2016-07-14
        11:04:02"}],"additional_data":{"pagination":{"start":0,"limit":100,"more_items_in_collection":false}}}'
    http_version: 
  recorded_at: Thu, 14 Jul 2016 12:46:33 GMT
- request:
    method: get
    uri: https://api.pipedrive.com/v1/deals/1005/followers?api_token=<API_KEY>
    body:
      encoding: US-ASCII
      string: ''
    headers:
      Connection:
      - close
      Host:
      - api.pipedrive.com
      User-Agent:
      - http.rb/2.0.2
  response:
    status:
      code: 200
      message: OK
    headers:
      Server:
      - nginx
      Date:
      - Thu, 14 Jul 2016 12:47:16 GMT
      Content-Type:
      - application/json
      Transfer-Encoding:
      - chunked
      Connection:
      - close
      X-Frame-Options:
      - SAMEORIGIN
      X-Xss-Protection:
      - 1; mode=block
      X-Ratelimit-Limit:
      - '100'
      X-Ratelimit-Remaining:
      - '99'
      X-Ratelimit-Reset:
      - '10'
      Access-Control-Allow-Origin:
      - "*"
    body:
      encoding: ASCII-8BIT
      string: '{"success":true,"data":[{"user_id":742863,"id":1186,"deal_id":1005,"add_time":"2016-07-14
        12:42:44"}],"additional_data":{"pagination":{"start":0,"limit":100,"more_items_in_collection":false}}}'
    http_version: 
  recorded_at: Thu, 14 Jul 2016 12:47:17 GMT
- request:
    method: get
    uri: https://api.pipedrive.com/v1/deals/1008/followers?api_token=<API_KEY>
    body:
      encoding: US-ASCII
      string: ''
    headers:
      Connection:
      - close
      Host:
      - api.pipedrive.com
      User-Agent:
      - http.rb/2.0.2
  response:
    status:
      code: 200
      message: OK
    headers:
      Server:
      - nginx
      Date:
      - Thu, 14 Jul 2016 12:48:49 GMT
      Content-Type:
      - application/json
      Transfer-Encoding:
      - chunked
      Connection:
      - close
      X-Frame-Options:
      - SAMEORIGIN
      X-Xss-Protection:
      - 1; mode=block
      X-Ratelimit-Limit:
      - '100'
      X-Ratelimit-Remaining:
      - '99'
      X-Ratelimit-Reset:
      - '10'
      Access-Control-Allow-Origin:
      - "*"
    body:
      encoding: ASCII-8BIT
      string: '{"success":true,"data":[{"user_id":742863,"id":1190,"deal_id":1008,"add_time":"2016-07-14
        12:43:31"}],"additional_data":{"pagination":{"start":0,"limit":100,"more_items_in_collection":false}}}'
    http_version: 
  recorded_at: Thu, 14 Jul 2016 12:48:49 GMT
- request:
    method: get
    uri: https://api.pipedrive.com/v1/deals/1017/followers?api_token=<API_KEY>
    body:
      encoding: US-ASCII
      string: ''
    headers:
      Connection:
      - close
      Host:
      - api.pipedrive.com
      User-Agent:
      - http.rb/2.0.2
  response:
    status:
      code: 200
      message: OK
    headers:
      Server:
      - nginx
      Date:
      - Thu, 14 Jul 2016 13:03:25 GMT
      Content-Type:
      - application/json
      Transfer-Encoding:
      - chunked
      Connection:
      - close
      X-Frame-Options:
      - SAMEORIGIN
      X-Xss-Protection:
      - 1; mode=block
      X-Ratelimit-Limit:
      - '100'
      X-Ratelimit-Remaining:
      - '99'
      X-Ratelimit-Reset:
      - '10'
      Access-Control-Allow-Origin:
      - "*"
    body:
      encoding: ASCII-8BIT
      string: '{"success":true,"data":[{"user_id":742863,"id":1202,"deal_id":1017,"add_time":"2016-07-14
        12:48:42"}],"additional_data":{"pagination":{"start":0,"limit":100,"more_items_in_collection":false}}}'
    http_version: 
  recorded_at: Thu, 14 Jul 2016 13:03:25 GMT
- request:
    method: get
    uri: https://api.pipedrive.com/v1/deals/1069/followers?api_token=<API_KEY>
    body:
      encoding: US-ASCII
      string: ''
    headers:
      Connection:
      - close
      Host:
      - api.pipedrive.com
      User-Agent:
      - http.rb/2.0.2
  response:
    status:
      code: 200
      message: OK
    headers:
      Server:
      - nginx
      Date:
      - Thu, 14 Jul 2016 19:10:51 GMT
      Content-Type:
      - application/json
      Transfer-Encoding:
      - chunked
      Connection:
      - close
      X-Frame-Options:
      - SAMEORIGIN
      X-Xss-Protection:
      - 1; mode=block
      X-Ratelimit-Limit:
      - '100'
      X-Ratelimit-Remaining:
      - '99'
      X-Ratelimit-Reset:
      - '10'
      Access-Control-Allow-Origin:
      - "*"
    body:
      encoding: ASCII-8BIT
      string: '{"success":true,"data":[{"user_id":742863,"id":1270,"deal_id":1069,"add_time":"2016-07-14
        19:10:48"}],"additional_data":{"pagination":{"start":0,"limit":100,"more_items_in_collection":false}}}'
    http_version: 
  recorded_at: Thu, 14 Jul 2016 19:10:51 GMT
- request:
    method: get
    uri: https://api.pipedrive.com/v1/deals/1072/followers?api_token=<API_KEY>
    body:
      encoding: US-ASCII
      string: ''
    headers:
      Connection:
      - close
      Host:
      - api.pipedrive.com
      User-Agent:
      - http.rb/2.0.2
  response:
    status:
      code: 200
      message: OK
    headers:
      Server:
      - nginx
      Date:
      - Thu, 14 Jul 2016 19:11:53 GMT
      Content-Type:
      - application/json
      Transfer-Encoding:
      - chunked
      Connection:
      - close
      X-Frame-Options:
      - SAMEORIGIN
      X-Xss-Protection:
      - 1; mode=block
      X-Ratelimit-Limit:
      - '100'
      X-Ratelimit-Remaining:
      - '99'
      X-Ratelimit-Reset:
      - '10'
      Access-Control-Allow-Origin:
      - "*"
    body:
      encoding: ASCII-8BIT
      string: '{"success":true,"data":[{"user_id":742863,"id":1274,"deal_id":1072,"add_time":"2016-07-14
        19:11:50"}],"additional_data":{"pagination":{"start":0,"limit":100,"more_items_in_collection":false}}}'
    http_version: 
  recorded_at: Thu, 14 Jul 2016 19:11:52 GMT
- request:
    method: get
    uri: https://api.pipedrive.com/v1/deals/1092/followers?api_token=<API_KEY>
    body:
      encoding: US-ASCII
      string: ''
    headers:
      Connection:
      - close
      Host:
      - api.pipedrive.com
      User-Agent:
      - http.rb/2.0.2
  response:
    status:
      code: 200
      message: OK
    headers:
      Server:
      - nginx
      Date:
      - Thu, 14 Jul 2016 19:12:53 GMT
      Content-Type:
      - application/json
      Transfer-Encoding:
      - chunked
      Connection:
      - close
      X-Frame-Options:
      - SAMEORIGIN
      X-Xss-Protection:
      - 1; mode=block
      X-Ratelimit-Limit:
      - '100'
      X-Ratelimit-Remaining:
      - '99'
      X-Ratelimit-Reset:
      - '10'
      Access-Control-Allow-Origin:
      - "*"
    body:
      encoding: ASCII-8BIT
      string: '{"success":true,"data":[{"user_id":742863,"id":1300,"deal_id":1092,"add_time":"2016-07-14
        19:12:49"}],"additional_data":{"pagination":{"start":0,"limit":100,"more_items_in_collection":false}}}'
    http_version: 
  recorded_at: Thu, 14 Jul 2016 19:12:52 GMT
recorded_with: VCR 3.0.3
