---
http_interactions:
- request:
    method: get
    uri: https://api.pipedrive.com/v1/deals/33/permittedUsers?api_token=<API_KEY>
    body:
      encoding: US-ASCII
      string: ''
    headers:
      Connection:
      - close
      Host:
      - api.pipedrive.com
      User-Agent:
      - http.rb/2.2.2
  response:
    status:
      code: 200
      message: OK
    headers:
      Date:
      - Thu, 14 Sep 2017 22:15:51 GMT
      Content-Type:
      - application/json
      Transfer-Encoding:
      - chunked
      Connection:
      - close
      X-Frame-Options:
      - SAMEORIGIN
      X-Xss-Protection:
      - 1; mode=block
      X-Correlation-Id:
      - 0224b9af-c46c-442b-9408-e7f22a15dee4
      Access-Control-Allow-Origin:
      - "*"
      X-Content-Type-Options:
      - nosniff
      X-Newrelic-App-Data:
      - PxQOVVFaCwoTVlJUAwMPVFMTGhE1AwE2QgNWEVlbQFtcC2VOchRAFgtba04QUmQcVAEADkRtGA8QVFtsEgMRD1kWTAdcbUdXQRZmBlQVEU5UGAdRVlMIHwBKUVcPCAZKSQAaEQBSV1sDWllWDwoGAQBWWlkTTVUDCEVSPA==
      Strict-Transport-Security:
      - max-age=15768000
      - max-age=15768000
      Set-Cookie:
      - pipe-last-active=1505427351314;path=/;domain=.pipedrive.com;expires=0
      X-Ratelimit-Limit:
      - '100'
      X-Ratelimit-Remaining:
      - '98'
      X-Ratelimit-Reset:
      - '9'
      Server:
      - no-name-at-all
    body:
      encoding: ASCII-8BIT
      string: '{"success":true,"data":[742863],"additional_data":{"pagination":{"start":0,"limit":100,"more_items_in_collection":false}}}'
    http_version: 
  recorded_at: Thu, 14 Sep 2017 22:15:51 GMT
- request:
    method: get
    uri: https://api.pipedrive.com/v1/deals/34/permittedUsers?api_token=<API_KEY>
    body:
      encoding: US-ASCII
      string: ''
    headers:
      Connection:
      - close
      Host:
      - api.pipedrive.com
      User-Agent:
      - http.rb/2.2.2
  response:
    status:
      code: 200
      message: OK
    headers:
      Date:
      - Thu, 14 Sep 2017 22:28:18 GMT
      Content-Type:
      - application/json
      Transfer-Encoding:
      - chunked
      Connection:
      - close
      X-Frame-Options:
      - SAMEORIGIN
      X-Xss-Protection:
      - 1; mode=block
      X-Correlation-Id:
      - 9121c947-ea46-4bb7-a5c5-a9b69a202fd8
      Access-Control-Allow-Origin:
      - "*"
      X-Content-Type-Options:
      - nosniff
      X-Newrelic-App-Data:
      - PxQOVVFaCwoTVlJUAwMPVFMTGhE1AwE2QgNWEVlbQFtcC2VOchRAFgtba04QUmQcVAEADkRtGA8QVFtsEgMRD1kWTAdcbUdXQRZmBlQVEU5UGAdRVlMIHwBKUVcBAwBKSQAaEVpeWwAFUFxXAAlWBwVcW1gTTVUDCEVSPA==
      Strict-Transport-Security:
      - max-age=15768000
      - max-age=15768000
      Set-Cookie:
      - pipe-last-active=1505428098414;path=/;domain=.pipedrive.com;expires=0
      X-Ratelimit-Limit:
      - '100'
      X-Ratelimit-Remaining:
      - '91'
      X-Ratelimit-Reset:
      - '1'
      Server:
      - no-name-at-all
    body:
      encoding: ASCII-8BIT
      string: '{"success":true,"data":[742863],"additional_data":{"pagination":{"start":0,"limit":100,"more_items_in_collection":false}}}'
    http_version: 
  recorded_at: Thu, 14 Sep 2017 22:28:18 GMT
- request:
    method: get
    uri: https://api.pipedrive.com/v1/deals/57/permittedUsers?api_token=<API_KEY>
    body:
      encoding: US-ASCII
      string: ''
    headers:
      Connection:
      - close
      Host:
      - api.pipedrive.com
      User-Agent:
      - http.rb/2.2.2
  response:
    status:
      code: 200
      message: OK
    headers:
      Date:
      - Thu, 14 Sep 2017 22:31:39 GMT
      Content-Type:
      - application/json
      Transfer-Encoding:
      - chunked
      Connection:
      - close
      X-Frame-Options:
      - SAMEORIGIN
      X-Xss-Protection:
      - 1; mode=block
      X-Correlation-Id:
      - ffd65503-1451-4dea-9e57-553031c61786
      Access-Control-Allow-Origin:
      - "*"
      X-Content-Type-Options:
      - nosniff
      X-Newrelic-App-Data:
      - PxQOVVFaCwoTVlJUAwMPVFMTGhE1AwE2QgNWEVlbQFtcC2VOchRAFgtba04QUmQcVAEADkRtGA8QVFtsEgMRD1kWTAdcbUdXQRZmBlQVEU5UGAdRVlMIHwBKUVcPBARKSQAaEVZRUgMEBlkHDghWClYBWFgTTVUDCEVSPA==
      Strict-Transport-Security:
      - max-age=15768000
      - max-age=15768000
      Set-Cookie:
      - pipe-last-active=1505428299440;path=/;domain=.pipedrive.com;expires=0
      X-Ratelimit-Limit:
      - '100'
      X-Ratelimit-Remaining:
      - '95'
      X-Ratelimit-Reset:
      - '5'
      Server:
      - no-name-at-all
    body:
      encoding: ASCII-8BIT
      string: '{"success":true,"data":[742863],"additional_data":{"pagination":{"start":0,"limit":100,"more_items_in_collection":false}}}'
    http_version: 
  recorded_at: Thu, 14 Sep 2017 22:31:39 GMT
- request:
    method: get
    uri: https://api.pipedrive.com/v1/deals/58/permittedUsers?api_token=<API_KEY>
    body:
      encoding: US-ASCII
      string: ''
    headers:
      Connection:
      - close
      Host:
      - api.pipedrive.com
      User-Agent:
      - http.rb/2.2.2
  response:
    status:
      code: 200
      message: OK
    headers:
      Date:
      - Thu, 14 Sep 2017 23:04:53 GMT
      Content-Type:
      - application/json
      Transfer-Encoding:
      - chunked
      Connection:
      - close
      X-Frame-Options:
      - SAMEORIGIN
      X-Xss-Protection:
      - 1; mode=block
      X-Correlation-Id:
      - 799de6f1-f810-4cfd-a448-b089c6802629
      Access-Control-Allow-Origin:
      - "*"
      X-Content-Type-Options:
      - nosniff
      X-Newrelic-App-Data:
      - PxQOVVFaCwoTVlJUAwMPVFMTGhE1AwE2QgNWEVlbQFtcC2VOchRAFgtba04QUmQcVAEADkRtGA8QVFtsEgMRD1kWTAdcbUdXQRZmBlQVEU5UGAdRVlMIHwBKUVYABANKSQAaEVAFV1EAVQFVXFwCV1BdAAUTTVUDCEVSPA==
      Strict-Transport-Security:
      - max-age=15768000
      - max-age=15768000
      Set-Cookie:
      - pipe-last-active=1505430293076;path=/;domain=.pipedrive.com;expires=0
      X-Ratelimit-Limit:
      - '100'
      X-Ratelimit-Remaining:
      - '99'
      X-Ratelimit-Reset:
      - '10'
      Server:
      - no-name-at-all
    body:
      encoding: ASCII-8BIT
      string: '{"success":true,"data":[742863],"additional_data":{"pagination":{"start":0,"limit":100,"more_items_in_collection":false}}}'
    http_version: 
  recorded_at: Thu, 14 Sep 2017 23:04:53 GMT
recorded_with: VCR 3.0.3
