---
http_interactions:
- request:
    method: get
    uri: https://api.pipedrive.com/v1/deals/1632/permittedUsers?api_token=<API_KEY>
    body:
      encoding: US-ASCII
      string: ''
    headers:
      Connection:
      - close
      Host:
      - api.pipedrive.com
      User-Agent:
      - http.rb/2.0.2
  response:
    status:
      code: 200
      message: OK
    headers:
      Server:
      - nginx
      Date:
      - Sun, 24 Jul 2016 20:15:11 GMT
      Content-Type:
      - application/json
      Transfer-Encoding:
      - chunked
      Connection:
      - close
      X-Frame-Options:
      - SAMEORIGIN
      X-Xss-Protection:
      - 1; mode=block
      X-Ratelimit-Limit:
      - '100'
      X-Ratelimit-Remaining:
      - '99'
      X-Ratelimit-Reset:
      - '10'
      Access-Control-Allow-Origin:
      - "*"
    body:
      encoding: ASCII-8BIT
      string: '{"success":true,"data":[742863],"additional_data":{"pagination":{"start":0,"limit":100,"more_items_in_collection":false}}}'
    http_version: 
  recorded_at: Sun, 24 Jul 2016 20:15:11 GMT
- request:
    method: get
    uri: https://api.pipedrive.com/v1/deals/1633/permittedUsers?api_token=<API_KEY>
    body:
      encoding: US-ASCII
      string: ''
    headers:
      Connection:
      - close
      Host:
      - api.pipedrive.com
      User-Agent:
      - http.rb/2.0.2
  response:
    status:
      code: 200
      message: OK
    headers:
      Server:
      - nginx
      Date:
      - Sun, 24 Jul 2016 20:28:45 GMT
      Content-Type:
      - application/json
      Transfer-Encoding:
      - chunked
      Connection:
      - close
      X-Frame-Options:
      - SAMEORIGIN
      X-Xss-Protection:
      - 1; mode=block
      X-Ratelimit-Limit:
      - '100'
      X-Ratelimit-Remaining:
      - '99'
      X-Ratelimit-Reset:
      - '10'
      Access-Control-Allow-Origin:
      - "*"
    body:
      encoding: ASCII-8BIT
      string: '{"success":true,"data":[742863],"additional_data":{"pagination":{"start":0,"limit":100,"more_items_in_collection":false}}}'
    http_version: 
  recorded_at: Sun, 24 Jul 2016 20:28:45 GMT
- request:
    method: get
    uri: https://api.pipedrive.com/v1/deals/5/permittedUsers?api_token=<API_KEY>
    body:
      encoding: US-ASCII
      string: ''
    headers:
      Connection:
      - close
      Host:
      - api.pipedrive.com
      User-Agent:
      - http.rb/2.2.2
  response:
    status:
      code: 200
      message: OK
    headers:
      Server:
      - nginx
      Date:
      - Fri, 18 Aug 2017 20:23:17 GMT
      Content-Type:
      - application/json
      Transfer-Encoding:
      - chunked
      Connection:
      - close
      X-Frame-Options:
      - SAMEORIGIN
      X-Xss-Protection:
      - 1; mode=block
      X-Correlation-Id:
      - 3b1bb7fc-218a-4163-bb54-13d4eaf58306
      X-Ratelimit-Limit:
      - '100'
      X-Ratelimit-Remaining:
      - '93'
      X-Ratelimit-Reset:
      - '5'
      Access-Control-Allow-Origin:
      - "*"
      X-Content-Type-Options:
      - nosniff
      Strict-Transport-Security:
      - max-age=15768000
    body:
      encoding: ASCII-8BIT
      string: '{"success":true,"data":[2876523],"additional_data":{"pagination":{"start":0,"limit":100,"more_items_in_collection":false}}}'
    http_version: 
  recorded_at: Fri, 18 Aug 2017 20:23:17 GMT
recorded_with: VCR 3.0.3
