---
http_interactions:
- request:
    method: post
    uri: https://api.pipedrive.com/v1/deals/303/duplicate?api_token=<API_KEY>
    body:
      encoding: US-ASCII
      string: ''
    headers:
      Connection:
      - close
      Host:
      - api.pipedrive.com
      User-Agent:
      - http.rb/2.0.2
  response:
    status:
      code: 201
      message: Created
    headers:
      Server:
      - nginx
      Date:
      - Wed, 06 Jul 2016 17:25:32 GMT
      Content-Type:
      - application/json
      Transfer-Encoding:
      - chunked
      Connection:
      - close
      X-Frame-Options:
      - SAMEORIGIN
      X-Xss-Protection:
      - 1; mode=block
      X-Ratelimit-Limit:
      - '100'
      X-Ratelimit-Remaining:
      - '99'
      X-Ratelimit-Reset:
      - '10'
      Access-Control-Allow-Origin:
      - "*"
    body:
      encoding: ASCII-8BIT
      string: '{"success":true,"data":{"id":307,"creator_user_id":742863,"user_id":742863,"person_id":null,"org_id":null,"stage_id":1,"title":"0
        -Novo Negocio (c\u00f3pia)","value":571,"currency":"BRL","add_time":"2016-07-06
        17:25:32","update_time":null,"stage_change_time":null,"active":false,"deleted":true,"status":"deleted","next_activity_date":null,"next_activity_time":null,"next_activity_id":null,"last_activity_id":null,"last_activity_date":null,"lost_reason":null,"visible_to":"3","close_time":"2016-07-06
        17:25:26","pipeline_id":1,"won_time":null,"first_won_time":null,"lost_time":null,"products_count":null,"files_count":null,"notes_count":0,"followers_count":0,"email_messages_count":null,"activities_count":null,"done_activities_count":null,"undone_activities_count":null,"reference_activities_count":null,"participants_count":0,"expected_close_date":null,"stage_order_nr":1,"person_name":null,"org_name":null,"next_activity_subject":null,"next_activity_type":null,"next_activity_duration":null,"next_activity_note":null,"formatted_value":"R$571","rotten_time":null,"weighted_value":571,"formatted_weighted_value":"R$571","owner_name":"Felipe
        Borges Ferreira","cc_email":"prepared-tray+deal307@pipedrivemail.com","org_hidden":false,"person_hidden":false}}'
    http_version: 
  recorded_at: Wed, 06 Jul 2016 17:25:32 GMT
- request:
    method: post
    uri: https://api.pipedrive.com/v1/deals/304/duplicate?api_token=<API_KEY>
    body:
      encoding: US-ASCII
      string: ''
    headers:
      Connection:
      - close
      Host:
      - api.pipedrive.com
      User-Agent:
      - http.rb/2.0.2
  response:
    status:
      code: 201
      message: Created
    headers:
      Server:
      - nginx
      Date:
      - Wed, 06 Jul 2016 17:25:50 GMT
      Content-Type:
      - application/json
      Transfer-Encoding:
      - chunked
      Connection:
      - close
      X-Frame-Options:
      - SAMEORIGIN
      X-Xss-Protection:
      - 1; mode=block
      X-Ratelimit-Limit:
      - '100'
      X-Ratelimit-Remaining:
      - '99'
      X-Ratelimit-Reset:
      - '10'
      Access-Control-Allow-Origin:
      - "*"
    body:
      encoding: ASCII-8BIT
      string: '{"success":true,"data":{"id":310,"creator_user_id":742863,"user_id":742863,"person_id":null,"org_id":null,"stage_id":1,"title":"1
        -Novo Negocio (c\u00f3pia)","value":418,"currency":"BRL","add_time":"2016-07-06
        17:25:50","update_time":null,"stage_change_time":null,"active":true,"deleted":false,"status":"open","next_activity_date":null,"next_activity_time":null,"next_activity_id":null,"last_activity_id":null,"last_activity_date":null,"lost_reason":null,"visible_to":"3","close_time":null,"pipeline_id":1,"won_time":null,"first_won_time":null,"lost_time":null,"products_count":null,"files_count":null,"notes_count":0,"followers_count":0,"email_messages_count":null,"activities_count":null,"done_activities_count":null,"undone_activities_count":null,"reference_activities_count":null,"participants_count":0,"expected_close_date":null,"stage_order_nr":1,"person_name":null,"org_name":null,"next_activity_subject":null,"next_activity_type":null,"next_activity_duration":null,"next_activity_note":null,"formatted_value":"R$418","rotten_time":null,"weighted_value":418,"formatted_weighted_value":"R$418","owner_name":"Felipe
        Borges Ferreira","cc_email":"prepared-tray+deal310@pipedrivemail.com","org_hidden":false,"person_hidden":false}}'
    http_version: 
  recorded_at: Wed, 06 Jul 2016 17:25:50 GMT
- request:
    method: post
    uri: https://api.pipedrive.com/v1/deals/305/duplicate?api_token=<API_KEY>
    body:
      encoding: US-ASCII
      string: ''
    headers:
      Connection:
      - close
      Host:
      - api.pipedrive.com
      User-Agent:
      - http.rb/2.0.2
  response:
    status:
      code: 201
      message: Created
    headers:
      Server:
      - nginx
      Date:
      - Wed, 06 Jul 2016 17:26:00 GMT
      Content-Type:
      - application/json
      Transfer-Encoding:
      - chunked
      Connection:
      - close
      X-Frame-Options:
      - SAMEORIGIN
      X-Xss-Protection:
      - 1; mode=block
      X-Ratelimit-Limit:
      - '100'
      X-Ratelimit-Remaining:
      - '99'
      X-Ratelimit-Reset:
      - '10'
      Access-Control-Allow-Origin:
      - "*"
    body:
      encoding: ASCII-8BIT
      string: '{"success":true,"data":{"id":313,"creator_user_id":742863,"user_id":742863,"person_id":null,"org_id":null,"stage_id":1,"title":"0
        -Novo Negocio (c\u00f3pia)","value":649,"currency":"BRL","add_time":"2016-07-06
        17:26:00","update_time":null,"stage_change_time":null,"active":false,"deleted":true,"status":"deleted","next_activity_date":null,"next_activity_time":null,"next_activity_id":null,"last_activity_id":null,"last_activity_date":null,"lost_reason":null,"visible_to":"3","close_time":"2016-07-06
        17:25:59","pipeline_id":1,"won_time":null,"first_won_time":null,"lost_time":null,"products_count":null,"files_count":null,"notes_count":0,"followers_count":0,"email_messages_count":null,"activities_count":null,"done_activities_count":null,"undone_activities_count":null,"reference_activities_count":null,"participants_count":0,"expected_close_date":null,"stage_order_nr":1,"person_name":null,"org_name":null,"next_activity_subject":null,"next_activity_type":null,"next_activity_duration":null,"next_activity_note":null,"formatted_value":"R$649","rotten_time":null,"weighted_value":649,"formatted_weighted_value":"R$649","owner_name":"Felipe
        Borges Ferreira","cc_email":"prepared-tray+deal313@pipedrivemail.com","org_hidden":false,"person_hidden":false}}'
    http_version: 
  recorded_at: Wed, 06 Jul 2016 17:26:00 GMT
- request:
    method: post
    uri: https://api.pipedrive.com/v1/deals/306/duplicate?api_token=<API_KEY>
    body:
      encoding: US-ASCII
      string: ''
    headers:
      Connection:
      - close
      Host:
      - api.pipedrive.com
      User-Agent:
      - http.rb/2.0.2
  response:
    status:
      code: 201
      message: Created
    headers:
      Server:
      - nginx
      Date:
      - Wed, 06 Jul 2016 17:55:09 GMT
      Content-Type:
      - application/json
      Transfer-Encoding:
      - chunked
      Connection:
      - close
      X-Frame-Options:
      - SAMEORIGIN
      X-Xss-Protection:
      - 1; mode=block
      X-Ratelimit-Limit:
      - '100'
      X-Ratelimit-Remaining:
      - '99'
      X-Ratelimit-Reset:
      - '10'
      Access-Control-Allow-Origin:
      - "*"
    body:
      encoding: ASCII-8BIT
      string: '{"success":true,"data":{"id":340,"creator_user_id":742863,"user_id":742863,"person_id":null,"org_id":null,"stage_id":1,"title":"1
        -Novo Negocio (c\u00f3pia)","value":0,"currency":"BRL","add_time":"2016-07-06
        17:55:09","update_time":null,"stage_change_time":null,"active":false,"deleted":true,"status":"deleted","next_activity_date":null,"next_activity_time":null,"next_activity_id":null,"last_activity_id":null,"last_activity_date":null,"lost_reason":null,"visible_to":"3","close_time":"2016-07-06
        17:55:06","pipeline_id":1,"won_time":null,"first_won_time":null,"lost_time":null,"products_count":null,"files_count":null,"notes_count":0,"followers_count":0,"email_messages_count":null,"activities_count":null,"done_activities_count":null,"undone_activities_count":null,"reference_activities_count":null,"participants_count":0,"expected_close_date":null,"stage_order_nr":1,"person_name":null,"org_name":null,"next_activity_subject":null,"next_activity_type":null,"next_activity_duration":null,"next_activity_note":null,"formatted_value":"R$0","rotten_time":null,"weighted_value":0,"formatted_weighted_value":"R$0","owner_name":"Felipe
        Borges Ferreira","cc_email":"prepared-tray+deal340@pipedrivemail.com","org_hidden":false,"person_hidden":false}}'
    http_version: 
  recorded_at: Wed, 06 Jul 2016 17:55:09 GMT
- request:
    method: post
    uri: https://api.pipedrive.com/v1/deals/308/duplicate?api_token=<API_KEY>
    body:
      encoding: US-ASCII
      string: ''
    headers:
      Connection:
      - close
      Host:
      - api.pipedrive.com
      User-Agent:
      - http.rb/2.0.2
  response:
    status:
      code: 201
      message: Created
    headers:
      Server:
      - nginx
      Date:
      - Wed, 06 Jul 2016 17:55:50 GMT
      Content-Type:
      - application/json
      Transfer-Encoding:
      - chunked
      Connection:
      - close
      X-Frame-Options:
      - SAMEORIGIN
      X-Xss-Protection:
      - 1; mode=block
      X-Ratelimit-Limit:
      - '100'
      X-Ratelimit-Remaining:
      - '98'
      X-Ratelimit-Reset:
      - '6'
      Access-Control-Allow-Origin:
      - "*"
    body:
      encoding: ASCII-8BIT
      string: '{"success":true,"data":{"id":347,"creator_user_id":742863,"user_id":742863,"person_id":null,"org_id":null,"stage_id":1,"title":"0
        -Novo Negocio (c\u00f3pia)","value":0,"currency":"BRL","add_time":"2016-07-06
        17:55:50","update_time":null,"stage_change_time":null,"active":true,"deleted":false,"status":"open","next_activity_date":null,"next_activity_time":null,"next_activity_id":null,"last_activity_id":null,"last_activity_date":null,"lost_reason":null,"visible_to":"3","close_time":null,"pipeline_id":1,"won_time":null,"first_won_time":null,"lost_time":null,"products_count":null,"files_count":null,"notes_count":0,"followers_count":0,"email_messages_count":null,"activities_count":null,"done_activities_count":null,"undone_activities_count":null,"reference_activities_count":null,"participants_count":0,"expected_close_date":null,"stage_order_nr":1,"person_name":null,"org_name":null,"next_activity_subject":null,"next_activity_type":null,"next_activity_duration":null,"next_activity_note":null,"formatted_value":"R$0","rotten_time":null,"weighted_value":0,"formatted_weighted_value":"R$0","owner_name":"Felipe
        Borges Ferreira","cc_email":"prepared-tray+deal347@pipedrivemail.com","org_hidden":false,"person_hidden":false}}'
    http_version: 
  recorded_at: Wed, 06 Jul 2016 17:55:50 GMT
- request:
    method: post
    uri: https://api.pipedrive.com/v1/deals/309/duplicate?api_token=<API_KEY>
    body:
      encoding: US-ASCII
      string: ''
    headers:
      Connection:
      - close
      Host:
      - api.pipedrive.com
      User-Agent:
      - http.rb/2.0.2
  response:
    status:
      code: 201
      message: Created
    headers:
      Server:
      - nginx
      Date:
      - Wed, 06 Jul 2016 18:01:33 GMT
      Content-Type:
      - application/json
      Transfer-Encoding:
      - chunked
      Connection:
      - close
      X-Frame-Options:
      - SAMEORIGIN
      X-Xss-Protection:
      - 1; mode=block
      X-Ratelimit-Limit:
      - '100'
      X-Ratelimit-Remaining:
      - '99'
      X-Ratelimit-Reset:
      - '10'
      Access-Control-Allow-Origin:
      - "*"
    body:
      encoding: ASCII-8BIT
      string: '{"success":true,"data":{"id":354,"creator_user_id":742863,"user_id":742863,"person_id":null,"org_id":null,"stage_id":1,"title":"1
        -Novo Negocio (c\u00f3pia)","value":0,"currency":"BRL","add_time":"2016-07-06
        18:01:33","update_time":null,"stage_change_time":null,"active":true,"deleted":false,"status":"open","next_activity_date":null,"next_activity_time":null,"next_activity_id":null,"last_activity_id":null,"last_activity_date":null,"lost_reason":null,"visible_to":"3","close_time":null,"pipeline_id":1,"won_time":null,"first_won_time":null,"lost_time":null,"products_count":null,"files_count":null,"notes_count":0,"followers_count":0,"email_messages_count":null,"activities_count":null,"done_activities_count":null,"undone_activities_count":null,"reference_activities_count":null,"participants_count":0,"expected_close_date":null,"stage_order_nr":1,"person_name":null,"org_name":null,"next_activity_subject":null,"next_activity_type":null,"next_activity_duration":null,"next_activity_note":null,"formatted_value":"R$0","rotten_time":null,"weighted_value":0,"formatted_weighted_value":"R$0","owner_name":"Felipe
        Borges Ferreira","cc_email":"prepared-tray+deal354@pipedrivemail.com","org_hidden":false,"person_hidden":false}}'
    http_version: 
  recorded_at: Wed, 06 Jul 2016 18:01:33 GMT
- request:
    method: post
    uri: https://api.pipedrive.com/v1/deals/355/duplicate?api_token=<API_KEY>
    body:
      encoding: US-ASCII
      string: ''
    headers:
      Connection:
      - close
      Host:
      - api.pipedrive.com
      User-Agent:
      - http.rb/2.0.2
  response:
    status:
      code: 201
      message: Created
    headers:
      Server:
      - nginx
      Date:
      - Wed, 06 Jul 2016 18:02:22 GMT
      Content-Type:
      - application/json
      Transfer-Encoding:
      - chunked
      Connection:
      - close
      X-Frame-Options:
      - SAMEORIGIN
      X-Xss-Protection:
      - 1; mode=block
      X-Ratelimit-Limit:
      - '100'
      X-Ratelimit-Remaining:
      - '99'
      X-Ratelimit-Reset:
      - '10'
      Access-Control-Allow-Origin:
      - "*"
    body:
      encoding: ASCII-8BIT
      string: '{"success":true,"data":{"id":357,"creator_user_id":742863,"user_id":742863,"person_id":null,"org_id":null,"stage_id":1,"title":"0
        -Novo Negocio (c\u00f3pia)","value":57,"currency":"BRL","add_time":"2016-07-06
        18:02:22","update_time":null,"stage_change_time":null,"active":false,"deleted":true,"status":"deleted","next_activity_date":null,"next_activity_time":null,"next_activity_id":null,"last_activity_id":null,"last_activity_date":null,"lost_reason":null,"visible_to":"3","close_time":"2016-07-06
        18:02:21","pipeline_id":1,"won_time":null,"first_won_time":null,"lost_time":null,"products_count":null,"files_count":null,"notes_count":0,"followers_count":0,"email_messages_count":null,"activities_count":null,"done_activities_count":null,"undone_activities_count":null,"reference_activities_count":null,"participants_count":0,"expected_close_date":null,"stage_order_nr":1,"person_name":null,"org_name":null,"next_activity_subject":null,"next_activity_type":null,"next_activity_duration":null,"next_activity_note":null,"formatted_value":"R$57","rotten_time":null,"weighted_value":57,"formatted_weighted_value":"R$57","owner_name":"Felipe
        Borges Ferreira","cc_email":"prepared-tray+deal357@pipedrivemail.com","org_hidden":false,"person_hidden":false}}'
    http_version: 
  recorded_at: Wed, 06 Jul 2016 18:02:22 GMT
recorded_with: VCR 3.0.3
