---
http_interactions:
- request:
    method: post
    uri: https://api.pipedrive.com/v1/products/?api_token=<API_KEY>
    body:
      encoding: UTF-8
      string: '{"name":"90 - Novo Produto"}'
    headers:
      Connection:
      - close
      Content-Type:
      - application/json; charset=UTF-8
      Host:
      - api.pipedrive.com
      User-Agent:
      - http.rb/2.2.2
  response:
    status:
      code: 201
      message: Created
    headers:
      Date:
      - Thu, 14 Sep 2017 22:18:04 GMT
      Content-Type:
      - application/json
      Transfer-Encoding:
      - chunked
      Connection:
      - close
      X-Frame-Options:
      - SAMEORIGIN
      X-Xss-Protection:
      - 1; mode=block
      X-Correlation-Id:
      - e00317b0-90b2-4235-a982-c532b5d123a9
      Access-Control-Allow-Origin:
      - "*"
      X-Content-Type-Options:
      - nosniff
      X-Newrelic-App-Data:
      - PxQOVVFaCwoTVlJUAwMPVFMTGhE1AwE2QgNWEVlbQFtcC2VOchRAFgtba04QUmQcQBYOBkJSQxU4Hl9dBgMbPUANSxYaFAQcA1UJUQFNA0xUAAVXVE8VAhxGAFEGBQ8DVAIEClQFVgYJVxpOXllYQVY4
      Strict-Transport-Security:
      - max-age=15768000
      - max-age=15768000
      Set-Cookie:
      - pipe-last-active=1505427484399;path=/;domain=.pipedrive.com;expires=0
      X-Ratelimit-Limit:
      - '100'
      X-Ratelimit-Remaining:
      - '95'
      X-Ratelimit-Reset:
      - '5'
      Server:
      - no-name-at-all
    body:
      encoding: ASCII-8BIT
      string: '{"success":true,"data":{"id":272,"name":"90 - Novo Produto","code":null,"unit":null,"tax":0,"active_flag":true,"selectable":true,"first_char":"9","visible_to":"3","owner_id":{"id":742863,"name":"Felipe
        Borges Ferreira","email":"lypborges@gmail.com","has_pic":true,"pic_hash":"bfccbfcd721e34fd60c0851a2fd27332","active_flag":true,"value":742863},"files_count":null,"followers_count":0,"add_time":"2017-09-14
        22:18:04","update_time":"2017-09-14 22:18:04","prices":[{"id":277,"product_id":272,"price":0,"currency":"BRL","cost":0,"overhead_cost":0}]},"related_objects":{"user":{"742863":{"id":742863,"name":"Felipe
        Borges Ferreira","email":"lypborges@gmail.com","has_pic":true,"pic_hash":"bfccbfcd721e34fd60c0851a2fd27332","active_flag":true}}}}'
    http_version: 
  recorded_at: Thu, 14 Sep 2017 22:18:04 GMT
- request:
    method: post
    uri: https://api.pipedrive.com/v1/products/?api_token=<API_KEY>
    body:
      encoding: UTF-8
      string: '{"name":"54 - Novo Produto"}'
    headers:
      Connection:
      - close
      Content-Type:
      - application/json; charset=UTF-8
      Host:
      - api.pipedrive.com
      User-Agent:
      - http.rb/2.2.2
  response:
    status:
      code: 201
      message: Created
    headers:
      Date:
      - Thu, 14 Sep 2017 22:18:05 GMT
      Content-Type:
      - application/json
      Transfer-Encoding:
      - chunked
      Connection:
      - close
      X-Frame-Options:
      - SAMEORIGIN
      X-Xss-Protection:
      - 1; mode=block
      X-Correlation-Id:
      - 6857852b-02e4-4b10-ada0-64991460a79c
      Access-Control-Allow-Origin:
      - "*"
      X-Content-Type-Options:
      - nosniff
      X-Newrelic-App-Data:
      - PxQOVVFaCwoTVlJUAwMPVFMTGhE1AwE2QgNWEVlbQFtcC2VOchRAFgtba04QUmQcQBYOBkJSQxU4Hl9dBgMbPUANSxYaFAQcA1UJUQFNA0xUAwRZX08VAhxGVgEAVQdVVQUDBwBVAlcHUxpOXllYQVY4
      Strict-Transport-Security:
      - max-age=15768000
      - max-age=15768000
      Set-Cookie:
      - pipe-last-active=1505427485755;path=/;domain=.pipedrive.com;expires=0
      X-Ratelimit-Limit:
      - '100'
      X-Ratelimit-Remaining:
      - '94'
      X-Ratelimit-Reset:
      - '4'
      Server:
      - no-name-at-all
    body:
      encoding: ASCII-8BIT
      string: '{"success":true,"data":{"id":273,"name":"54 - Novo Produto","code":null,"unit":null,"tax":0,"active_flag":true,"selectable":true,"first_char":"5","visible_to":"3","owner_id":{"id":742863,"name":"Felipe
        Borges Ferreira","email":"lypborges@gmail.com","has_pic":true,"pic_hash":"bfccbfcd721e34fd60c0851a2fd27332","active_flag":true,"value":742863},"files_count":null,"followers_count":0,"add_time":"2017-09-14
        22:18:05","update_time":"2017-09-14 22:18:05","prices":[{"id":278,"product_id":273,"price":0,"currency":"BRL","cost":0,"overhead_cost":0}]},"related_objects":{"user":{"742863":{"id":742863,"name":"Felipe
        Borges Ferreira","email":"lypborges@gmail.com","has_pic":true,"pic_hash":"bfccbfcd721e34fd60c0851a2fd27332","active_flag":true}}}}'
    http_version: 
  recorded_at: Thu, 14 Sep 2017 22:18:06 GMT
- request:
    method: post
    uri: https://api.pipedrive.com/v1/products/?api_token=<API_KEY>
    body:
      encoding: UTF-8
      string: '{"name":"50 - Novo Produto"}'
    headers:
      Connection:
      - close
      Content-Type:
      - application/json; charset=UTF-8
      Host:
      - api.pipedrive.com
      User-Agent:
      - http.rb/2.2.2
  response:
    status:
      code: 201
      message: Created
    headers:
      Date:
      - Thu, 14 Sep 2017 22:18:07 GMT
      Content-Type:
      - application/json
      Transfer-Encoding:
      - chunked
      Connection:
      - close
      X-Frame-Options:
      - SAMEORIGIN
      X-Xss-Protection:
      - 1; mode=block
      X-Correlation-Id:
      - 6111eb8b-9561-4f52-b469-9e99aa9a5b98
      Access-Control-Allow-Origin:
      - "*"
      X-Content-Type-Options:
      - nosniff
      X-Newrelic-App-Data:
      - PxQOVVFaCwoTVlJUAwMPVFMTGhE1AwE2QgNWEVlbQFtcC2VOchRAFgtba04QUmQcQBYOBkJSQxU4Hl9dBgMbPUANSxYaFAQcA1UJUQFNA0xUAwZVXk8VAhxGWFQOVQBeV1RUBVRVB1AGARpOXllYQVY4
      Strict-Transport-Security:
      - max-age=15768000
      - max-age=15768000
      Set-Cookie:
      - pipe-last-active=1505427487007;path=/;domain=.pipedrive.com;expires=0
      X-Ratelimit-Limit:
      - '100'
      X-Ratelimit-Remaining:
      - '93'
      X-Ratelimit-Reset:
      - '3'
      Server:
      - no-name-at-all
    body:
      encoding: ASCII-8BIT
      string: '{"success":true,"data":{"id":274,"name":"50 - Novo Produto","code":null,"unit":null,"tax":0,"active_flag":true,"selectable":true,"first_char":"5","visible_to":"3","owner_id":{"id":742863,"name":"Felipe
        Borges Ferreira","email":"lypborges@gmail.com","has_pic":true,"pic_hash":"bfccbfcd721e34fd60c0851a2fd27332","active_flag":true,"value":742863},"files_count":null,"followers_count":0,"add_time":"2017-09-14
        22:18:07","update_time":"2017-09-14 22:18:07","prices":[{"id":279,"product_id":274,"price":0,"currency":"BRL","cost":0,"overhead_cost":0}]},"related_objects":{"user":{"742863":{"id":742863,"name":"Felipe
        Borges Ferreira","email":"lypborges@gmail.com","has_pic":true,"pic_hash":"bfccbfcd721e34fd60c0851a2fd27332","active_flag":true}}}}'
    http_version: 
  recorded_at: Thu, 14 Sep 2017 22:18:07 GMT
- request:
    method: put
    uri: https://api.pipedrive.com/v1/products/274?api_token=<API_KEY>
    body:
      encoding: UTF-8
      string: '{"id":274,"name":"50 - Novo Produto","code":null,"unit":null,"tax":0,"active_flag":true,"selectable":true,"first_char":"5","visible_to":"3","owner_id":{"id":742863,"name":"Felipe
        Borges Ferreira","email":"lypborges@gmail.com","has_pic":true,"pic_hash":"bfccbfcd721e34fd60c0851a2fd27332","active_flag":true,"value":742863},"files_count":null,"followers_count":0,"add_time":"2017-09-14
        22:18:07","update_time":"2017-09-14 22:18:07","prices":[{"id":279,"product_id":274,"price":0,"currency":"BRL","cost":0,"overhead_cost":0}]}'
    headers:
      Connection:
      - close
      Content-Type:
      - application/json; charset=UTF-8
      Host:
      - api.pipedrive.com
      User-Agent:
      - http.rb/2.2.2
  response:
    status:
      code: 200
      message: OK
    headers:
      Date:
      - Thu, 14 Sep 2017 22:18:08 GMT
      Content-Type:
      - application/json
      Transfer-Encoding:
      - chunked
      Connection:
      - close
      X-Frame-Options:
      - SAMEORIGIN
      X-Xss-Protection:
      - 1; mode=block
      X-Correlation-Id:
      - af0fe206-02a1-4e4d-a2dc-9239817eed35
      Access-Control-Allow-Origin:
      - "*"
      X-Content-Type-Options:
      - nosniff
      X-Newrelic-App-Data:
      - PxQOVVFaCwoTVlJUAwMPVFMTGhE1AwE2QgNWEVlbQFtcC2VOchRAFgtba04QUmQcQBYOBkJSQxU4Hl9HBws8EkUWGk4IFgQCA1UJTQFPA1VcAgdNS1IUEQZRUVEEUFVUUVMCAlUEBlsSTl4DVEtRbw==
      Strict-Transport-Security:
      - max-age=15768000
      - max-age=15768000
      Set-Cookie:
      - pipe-last-active=1505427488367;path=/;domain=.pipedrive.com;expires=0
      X-Ratelimit-Limit:
      - '100'
      X-Ratelimit-Remaining:
      - '92'
      X-Ratelimit-Reset:
      - '1'
      Server:
      - no-name-at-all
    body:
      encoding: ASCII-8BIT
      string: '{"success":true,"data":{"id":274,"name":"50 - Novo Produto","code":null,"unit":null,"tax":0,"active_flag":true,"selectable":true,"first_char":"5","visible_to":"3","owner_id":{"id":742863,"name":"Felipe
        Borges Ferreira","email":"lypborges@gmail.com","has_pic":true,"pic_hash":"bfccbfcd721e34fd60c0851a2fd27332","active_flag":true,"value":742863},"files_count":null,"followers_count":0,"add_time":"2017-09-14
        22:18:07","update_time":"2017-09-14 22:18:08","prices":{"BRL":{"id":279,"product_id":274,"price":0,"currency":"BRL","cost":0,"overhead_cost":0}}},"related_objects":{"user":{"742863":{"id":742863,"name":"Felipe
        Borges Ferreira","email":"lypborges@gmail.com","has_pic":true,"pic_hash":"bfccbfcd721e34fd60c0851a2fd27332","active_flag":true}}}}'
    http_version: 
  recorded_at: Thu, 14 Sep 2017 22:18:08 GMT
recorded_with: VCR 3.0.3
