---
http_interactions:
- request:
    method: post
    uri: https://api.pipedrive.com/v1/activityTypes/?api_token=<API_KEY>
    body:
      encoding: UTF-8
      string: '{"name":"9 - Novo Produto","color":null}'
    headers:
      Connection:
      - close
      Content-Type:
      - application/json; charset=UTF-8
      Host:
      - api.pipedrive.com
      User-Agent:
      - http.rb/2.0.2
  response:
    status:
      code: 201
      message: Created
    headers:
      Server:
      - nginx
      Date:
      - Wed, 20 Jul 2016 18:40:04 GMT
      Content-Type:
      - application/json
      Transfer-Encoding:
      - chunked
      Connection:
      - close
      X-Frame-Options:
      - SAMEORIGIN
      X-Xss-Protection:
      - 1; mode=block
      X-Ratelimit-Limit:
      - '100'
      X-Ratelimit-Remaining:
      - '99'
      X-Ratelimit-Reset:
      - '10'
      Access-Control-Allow-Origin:
      - "*"
    body:
      encoding: ASCII-8BIT
      string: '{"success":true,"data":{"id":256,"company_id":null,"order_nr":40,"name":"9
        - Novo Produto","key_string":"9___novo_produto","icon_key":"9 - novo produto","active_flag":true,"color":null,"is_custom_flag":true,"add_time":"2016-07-20
        18:40:03","update_time":"2016-07-20 18:40:03"}}'
    http_version: 
  recorded_at: Wed, 20 Jul 2016 18:40:04 GMT
- request:
    method: post
    uri: https://api.pipedrive.com/v1/activityTypes/?api_token=<API_KEY>
    body:
      encoding: UTF-8
      string: '{"name":"94 - Novo Produto","color":null}'
    headers:
      Connection:
      - close
      Content-Type:
      - application/json; charset=UTF-8
      Host:
      - api.pipedrive.com
      User-Agent:
      - http.rb/2.0.2
  response:
    status:
      code: 201
      message: Created
    headers:
      Server:
      - nginx
      Date:
      - Wed, 20 Jul 2016 18:40:04 GMT
      Content-Type:
      - application/json
      Transfer-Encoding:
      - chunked
      Connection:
      - close
      X-Frame-Options:
      - SAMEORIGIN
      X-Xss-Protection:
      - 1; mode=block
      X-Ratelimit-Limit:
      - '100'
      X-Ratelimit-Remaining:
      - '99'
      X-Ratelimit-Reset:
      - '10'
      Access-Control-Allow-Origin:
      - "*"
    body:
      encoding: ASCII-8BIT
      string: '{"success":true,"data":{"id":257,"company_id":null,"order_nr":41,"name":"94
        - Novo Produto","key_string":"94___novo_produto","icon_key":"94 - novo produto","active_flag":true,"color":null,"is_custom_flag":true,"add_time":"2016-07-20
        18:40:04","update_time":"2016-07-20 18:40:04"}}'
    http_version: 
  recorded_at: Wed, 20 Jul 2016 18:40:05 GMT
- request:
    method: delete
    uri: https://api.pipedrive.com/v1/activityTypes/0?api_token=<API_KEY>
    body:
      encoding: US-ASCII
      string: ''
    headers:
      Connection:
      - close
      Host:
      - api.pipedrive.com
      User-Agent:
      - http.rb/2.0.2
  response:
    status:
      code: 410
      message: Gone
    headers:
      Server:
      - nginx
      Date:
      - Wed, 20 Jul 2016 18:40:05 GMT
      Content-Type:
      - application/json
      Transfer-Encoding:
      - chunked
      Connection:
      - close
      X-Frame-Options:
      - SAMEORIGIN
      X-Xss-Protection:
      - 1; mode=block
      X-Ratelimit-Limit:
      - '100'
      X-Ratelimit-Remaining:
      - '99'
      X-Ratelimit-Reset:
      - '10'
      Access-Control-Allow-Origin:
      - "*"
    body:
      encoding: ASCII-8BIT
      string: '{"success":false,"error":"ActivityType not found","error_info":"Please
        check developers.pipedrive.com for more information about Pipedrive API.","data":null,"additional_data":null}'
    http_version: 
  recorded_at: Wed, 20 Jul 2016 18:40:05 GMT
recorded_with: VCR 3.0.3
