---
http_interactions:
- request:
    method: post
    uri: https://api.pipedrive.com/v1/products/?api_token=<API_KEY>
    body:
      encoding: UTF-8
      string: '{"name":"48 - Novo Produto"}'
    headers:
      Connection:
      - close
      Content-Type:
      - application/json; charset=UTF-8
      Host:
      - api.pipedrive.com
      User-Agent:
      - http.rb/2.2.2
  response:
    status:
      code: 201
      message: Created
    headers:
      Date:
      - Thu, 14 Sep 2017 22:18:13 GMT
      Content-Type:
      - application/json
      Transfer-Encoding:
      - chunked
      Connection:
      - close
      X-Frame-Options:
      - SAMEORIGIN
      X-Xss-Protection:
      - 1; mode=block
      X-Correlation-Id:
      - 19ef8ea1-6d27-415e-b9f0-b1e7146388b5
      Access-Control-Allow-Origin:
      - "*"
      X-Content-Type-Options:
      - nosniff
      X-Newrelic-App-Data:
      - PxQOVVFaCwoTVlJUAwMPVFMTGhE1AwE2QgNWEVlbQFtcC2VOchRAFgtba04QUmQcQBYOBkJSQxU4Hl9dBgMbPUANSxYaFAQcA1UJUQFNA0xUAAZQV08VAhxGAFAFAQZSUgcGAgAHU1AIBxpOXllYQVY4
      Strict-Transport-Security:
      - max-age=15768000
      - max-age=15768000
      Set-Cookie:
      - pipe-last-active=1505427493870;path=/;domain=.pipedrive.com;expires=0
      X-Ratelimit-Limit:
      - '100'
      X-Ratelimit-Remaining:
      - '96'
      X-Ratelimit-Reset:
      - '6'
      Server:
      - no-name-at-all
    body:
      encoding: ASCII-8BIT
      string: '{"success":true,"data":{"id":277,"name":"48 - Novo Produto","code":null,"unit":null,"tax":0,"active_flag":true,"selectable":true,"first_char":"4","visible_to":"3","owner_id":{"id":742863,"name":"Felipe
        Borges Ferreira","email":"lypborges@gmail.com","has_pic":true,"pic_hash":"bfccbfcd721e34fd60c0851a2fd27332","active_flag":true,"value":742863},"files_count":null,"followers_count":0,"add_time":"2017-09-14
        22:18:13","update_time":"2017-09-14 22:18:13","prices":[{"id":283,"product_id":277,"price":0,"currency":"BRL","cost":0,"overhead_cost":0}]},"related_objects":{"user":{"742863":{"id":742863,"name":"Felipe
        Borges Ferreira","email":"lypborges@gmail.com","has_pic":true,"pic_hash":"bfccbfcd721e34fd60c0851a2fd27332","active_flag":true}}}}'
    http_version: 
  recorded_at: Thu, 14 Sep 2017 22:18:14 GMT
- request:
    method: post
    uri: https://api.pipedrive.com/v1/products/?api_token=<API_KEY>
    body:
      encoding: UTF-8
      string: '{"name":"77 - Novo Produto"}'
    headers:
      Connection:
      - close
      Content-Type:
      - application/json; charset=UTF-8
      Host:
      - api.pipedrive.com
      User-Agent:
      - http.rb/2.2.2
  response:
    status:
      code: 201
      message: Created
    headers:
      Date:
      - Thu, 14 Sep 2017 22:18:15 GMT
      Content-Type:
      - application/json
      Transfer-Encoding:
      - chunked
      Connection:
      - close
      X-Frame-Options:
      - SAMEORIGIN
      X-Xss-Protection:
      - 1; mode=block
      X-Correlation-Id:
      - 1d6be67b-bbd2-43f4-94a1-7f54b1265ad7
      Access-Control-Allow-Origin:
      - "*"
      X-Content-Type-Options:
      - nosniff
      X-Newrelic-App-Data:
      - PxQOVVFaCwoTVlJUAwMPVFMTGhE1AwE2QgNWEVlbQFtcC2VOchRAFgtba04QUmQcQBYOBkJSQxU4Hl9dBgMbPUANSxYaFAQcA1UJUQFNA0xUAAZYVk8VAhxGBVIAB1IFBgZSBAMCBlEBVBpOXllYQVY4
      Strict-Transport-Security:
      - max-age=15768000
      - max-age=15768000
      Set-Cookie:
      - pipe-last-active=1505427495066;path=/;domain=.pipedrive.com;expires=0
      X-Ratelimit-Limit:
      - '100'
      X-Ratelimit-Remaining:
      - '95'
      X-Ratelimit-Reset:
      - '5'
      Server:
      - no-name-at-all
    body:
      encoding: ASCII-8BIT
      string: '{"success":true,"data":{"id":278,"name":"77 - Novo Produto","code":null,"unit":null,"tax":0,"active_flag":true,"selectable":true,"first_char":"7","visible_to":"3","owner_id":{"id":742863,"name":"Felipe
        Borges Ferreira","email":"lypborges@gmail.com","has_pic":true,"pic_hash":"bfccbfcd721e34fd60c0851a2fd27332","active_flag":true,"value":742863},"files_count":null,"followers_count":0,"add_time":"2017-09-14
        22:18:15","update_time":"2017-09-14 22:18:15","prices":[{"id":284,"product_id":278,"price":0,"currency":"BRL","cost":0,"overhead_cost":0}]},"related_objects":{"user":{"742863":{"id":742863,"name":"Felipe
        Borges Ferreira","email":"lypborges@gmail.com","has_pic":true,"pic_hash":"bfccbfcd721e34fd60c0851a2fd27332","active_flag":true}}}}'
    http_version: 
  recorded_at: Thu, 14 Sep 2017 22:18:15 GMT
- request:
    method: post
    uri: https://api.pipedrive.com/v1/products/277/followers?api_token=<API_KEY>
    body:
      encoding: UTF-8
      string: '{"id":277,"user_id":"742863"}'
    headers:
      Connection:
      - close
      Content-Type:
      - application/json; charset=UTF-8
      Host:
      - api.pipedrive.com
      User-Agent:
      - http.rb/2.2.2
  response:
    status:
      code: 201
      message: Created
    headers:
      Date:
      - Thu, 14 Sep 2017 22:18:16 GMT
      Content-Type:
      - application/json
      Transfer-Encoding:
      - chunked
      Connection:
      - close
      X-Frame-Options:
      - SAMEORIGIN
      X-Xss-Protection:
      - 1; mode=block
      X-Correlation-Id:
      - dc817011-a519-433f-806a-da7fc728271c
      Access-Control-Allow-Origin:
      - "*"
      X-Content-Type-Options:
      - nosniff
      X-Newrelic-App-Data:
      - PxQOVVFaCwoTVlJUAwMPVFMTGhE1AwE2QgNWEVlbQFtcC2VOchRAFgtba04QUmQcQBYOBkJSQxU4Hl9HBws8BF8OVA1PXUZBbBVWEkVDH1JKBgdRVlMUAx5UVVMFBxtLVR0UAFUEAFRRAwgADQgDBwUEWEMdB1IOF1Nq
      Strict-Transport-Security:
      - max-age=15768000
      - max-age=15768000
      Set-Cookie:
      - pipe-last-active=1505427496275;path=/;domain=.pipedrive.com;expires=0
      X-Ratelimit-Limit:
      - '100'
      X-Ratelimit-Remaining:
      - '94'
      X-Ratelimit-Reset:
      - '4'
      Server:
      - no-name-at-all
    body:
      encoding: ASCII-8BIT
      string: '{"success":true,"data":{"user_id":742863,"id":15,"product_id":277,"add_time":"2017-09-14
        22:18:16"}}'
    http_version: 
  recorded_at: Thu, 14 Sep 2017 22:18:16 GMT
recorded_with: VCR 3.0.3
