---
http_interactions:
- request:
    method: post
    uri: https://api.pipedrive.com/v1/products/221/followers?api_token=<API_KEY>
    body:
      encoding: UTF-8
      string: '{"id":221,"user_id":"742863"}'
    headers:
      Connection:
      - close
      Content-Type:
      - application/json; charset=UTF-8
      Host:
      - api.pipedrive.com
      User-Agent:
      - http.rb/2.0.2
  response:
    status:
      code: 201
      message: Created
    headers:
      Server:
      - nginx
      Date:
      - Tue, 19 Jul 2016 17:06:42 GMT
      Content-Type:
      - application/json
      Transfer-Encoding:
      - chunked
      Connection:
      - close
      X-Frame-Options:
      - SAMEORIGIN
      X-Xss-Protection:
      - 1; mode=block
      X-Ratelimit-Limit:
      - '100'
      X-Ratelimit-Remaining:
      - '99'
      X-Ratelimit-Reset:
      - '10'
      Access-Control-Allow-Origin:
      - "*"
    body:
      encoding: ASCII-8BIT
      string: '{"success":true,"data":{"user_id":742863,"id":71,"product_id":221,"add_time":"2016-07-19
        17:06:36"}}'
    http_version: 
  recorded_at: Tue, 19 Jul 2016 17:06:43 GMT
- request:
    method: post
    uri: https://api.pipedrive.com/v1/products/224/followers?api_token=<API_KEY>
    body:
      encoding: UTF-8
      string: '{"id":224,"user_id":"742863"}'
    headers:
      Connection:
      - close
      Content-Type:
      - application/json; charset=UTF-8
      Host:
      - api.pipedrive.com
      User-Agent:
      - http.rb/2.0.2
  response:
    status:
      code: 201
      message: Created
    headers:
      Server:
      - nginx
      Date:
      - Tue, 19 Jul 2016 17:07:09 GMT
      Content-Type:
      - application/json
      Transfer-Encoding:
      - chunked
      Connection:
      - close
      X-Frame-Options:
      - SAMEORIGIN
      X-Xss-Protection:
      - 1; mode=block
      X-Ratelimit-Limit:
      - '100'
      X-Ratelimit-Remaining:
      - '99'
      X-Ratelimit-Reset:
      - '10'
      Access-Control-Allow-Origin:
      - "*"
    body:
      encoding: ASCII-8BIT
      string: '{"success":true,"data":{"user_id":742863,"id":74,"product_id":224,"add_time":"2016-07-19
        17:07:05"}}'
    http_version: 
  recorded_at: Tue, 19 Jul 2016 17:07:10 GMT
- request:
    method: post
    uri: https://api.pipedrive.com/v1/products/275/followers?api_token=<API_KEY>
    body:
      encoding: UTF-8
      string: '{"id":275,"user_id":"742863"}'
    headers:
      Connection:
      - close
      Content-Type:
      - application/json; charset=UTF-8
      Host:
      - api.pipedrive.com
      User-Agent:
      - http.rb/2.0.2
  response:
    status:
      code: 201
      message: Created
    headers:
      Server:
      - nginx
      Date:
      - Tue, 19 Jul 2016 17:27:55 GMT
      Content-Type:
      - application/json
      Transfer-Encoding:
      - chunked
      Connection:
      - close
      X-Frame-Options:
      - SAMEORIGIN
      X-Xss-Protection:
      - 1; mode=block
      X-Ratelimit-Limit:
      - '100'
      X-Ratelimit-Remaining:
      - '99'
      X-Ratelimit-Reset:
      - '10'
      Access-Control-Allow-Origin:
      - "*"
    body:
      encoding: ASCII-8BIT
      string: '{"success":true,"data":{"user_id":742863,"id":77,"product_id":275,"add_time":"2016-07-19
        17:27:49"}}'
    http_version: 
  recorded_at: Tue, 19 Jul 2016 17:27:55 GMT
- request:
    method: post
    uri: https://api.pipedrive.com/v1/products/276/followers?api_token=<API_KEY>
    body:
      encoding: UTF-8
      string: '{"id":276,"user_id":"742863"}'
    headers:
      Connection:
      - close
      Content-Type:
      - application/json; charset=UTF-8
      Host:
      - api.pipedrive.com
      User-Agent:
      - http.rb/2.0.2
  response:
    status:
      code: 201
      message: Created
    headers:
      Server:
      - nginx
      Date:
      - Tue, 19 Jul 2016 17:29:25 GMT
      Content-Type:
      - application/json
      Transfer-Encoding:
      - chunked
      Connection:
      - close
      X-Frame-Options:
      - SAMEORIGIN
      X-Xss-Protection:
      - 1; mode=block
      X-Ratelimit-Limit:
      - '100'
      X-Ratelimit-Remaining:
      - '99'
      X-Ratelimit-Reset:
      - '10'
      Access-Control-Allow-Origin:
      - "*"
    body:
      encoding: ASCII-8BIT
      string: '{"success":true,"data":{"user_id":742863,"id":79,"product_id":276,"add_time":"2016-07-19
        17:29:25"}}'
    http_version: 
  recorded_at: Tue, 19 Jul 2016 17:29:25 GMT
- request:
    method: post
    uri: https://api.pipedrive.com/v1/products/291/followers?api_token=<API_KEY>
    body:
      encoding: UTF-8
      string: '{"id":291,"user_id":"742863"}'
    headers:
      Connection:
      - close
      Content-Type:
      - application/json; charset=UTF-8
      Host:
      - api.pipedrive.com
      User-Agent:
      - http.rb/2.0.2
  response:
    status:
      code: 201
      message: Created
    headers:
      Server:
      - nginx
      Date:
      - Tue, 19 Jul 2016 17:31:06 GMT
      Content-Type:
      - application/json
      Transfer-Encoding:
      - chunked
      Connection:
      - close
      X-Frame-Options:
      - SAMEORIGIN
      X-Xss-Protection:
      - 1; mode=block
      X-Ratelimit-Limit:
      - '100'
      X-Ratelimit-Remaining:
      - '99'
      X-Ratelimit-Reset:
      - '10'
      Access-Control-Allow-Origin:
      - "*"
    body:
      encoding: ASCII-8BIT
      string: '{"success":true,"data":{"user_id":742863,"id":84,"product_id":291,"add_time":"2016-07-19
        17:31:06"}}'
    http_version: 
  recorded_at: Tue, 19 Jul 2016 17:31:06 GMT
- request:
    method: post
    uri: https://api.pipedrive.com/v1/products/294/followers?api_token=<API_KEY>
    body:
      encoding: UTF-8
      string: '{"id":294,"user_id":"742863"}'
    headers:
      Connection:
      - close
      Content-Type:
      - application/json; charset=UTF-8
      Host:
      - api.pipedrive.com
      User-Agent:
      - http.rb/2.0.2
  response:
    status:
      code: 201
      message: Created
    headers:
      Server:
      - nginx
      Date:
      - Tue, 19 Jul 2016 17:31:27 GMT
      Content-Type:
      - application/json
      Transfer-Encoding:
      - chunked
      Connection:
      - close
      X-Frame-Options:
      - SAMEORIGIN
      X-Xss-Protection:
      - 1; mode=block
      X-Ratelimit-Limit:
      - '100'
      X-Ratelimit-Remaining:
      - '98'
      X-Ratelimit-Reset:
      - '5'
      Access-Control-Allow-Origin:
      - "*"
    body:
      encoding: ASCII-8BIT
      string: '{"success":true,"data":{"user_id":742863,"id":86,"product_id":294,"add_time":"2016-07-19
        17:31:24"}}'
    http_version: 
  recorded_at: Tue, 19 Jul 2016 17:31:28 GMT
recorded_with: VCR 3.0.3
